Archive member included to satisfy reference by file (symbol)

C:/ST/STM32CubeIDE_2.0.0/STM32CubeIDE/plugins/com.st.stm32cube.ide.mcu.externaltools.gnu-tools-for-stm32.13.3.rel1.win32_1.0.100.202509120712/tools/bin/../lib/gcc/arm-none-eabi/13.3.1/../../../../arm-none-eabi/lib/thumb/v7e-m+fp/hard\libc_nano.a(libc_a-exit.o)
                              C:/ST/STM32CubeIDE_2.0.0/STM32CubeIDE/plugins/com.st.stm32cube.ide.mcu.externaltools.gnu-tools-for-stm32.13.3.rel1.win32_1.0.100.202509120712/tools/bin/../lib/gcc/arm-none-eabi/13.3.1/../../../../arm-none-eabi/lib/thumb/v7e-m+fp/hard/crt0.o (exit)
C:/ST/STM32CubeIDE_2.0.0/STM32CubeIDE/plugins/com.st.stm32cube.ide.mcu.externaltools.gnu-tools-for-stm32.13.3.rel1.win32_1.0.100.202509120712/tools/bin/../lib/gcc/arm-none-eabi/13.3.1/../../../../arm-none-eabi/lib/thumb/v7e-m+fp/hard\libc_nano.a(libc_a-malloc.o)
                              ./Core/Src/drv_lcd.o (malloc)
C:/ST/STM32CubeIDE_2.0.0/STM32CubeIDE/plugins/com.st.stm32cube.ide.mcu.externaltools.gnu-tools-for-stm32.13.3.rel1.win32_1.0.100.202509120712/tools/bin/../lib/gcc/arm-none-eabi/13.3.1/../../../../arm-none-eabi/lib/thumb/v7e-m+fp/hard\libc_nano.a(libc_a-mallocr.o)
                              C:/ST/STM32CubeIDE_2.0.0/STM32CubeIDE/plugins/com.st.stm32cube.ide.mcu.externaltools.gnu-tools-for-stm32.13.3.rel1.win32_1.0.100.202509120712/tools/bin/../lib/gcc/arm-none-eabi/13.3.1/../../../../arm-none-eabi/lib/thumb/v7e-m+fp/hard\libc_nano.a(libc_a-malloc.o) (_malloc_r)
C:/ST/STM32CubeIDE_2.0.0/STM32CubeIDE/plugins/com.st.stm32cube.ide.mcu.externaltools.gnu-tools-for-stm32.13.3.rel1.win32_1.0.100.202509120712/tools/bin/../lib/gcc/arm-none-eabi/13.3.1/../../../../arm-none-eabi/lib/thumb/v7e-m+fp/hard\libc_nano.a(libc_a-mlock.o)
                              C:/ST/STM32CubeIDE_2.0.0/STM32CubeIDE/plugins/com.st.stm32cube.ide.mcu.externaltools.gnu-tools-for-stm32.13.3.rel1.win32_1.0.100.202509120712/tools/bin/../lib/gcc/arm-none-eabi/13.3.1/../../../../arm-none-eabi/lib/thumb/v7e-m+fp/hard\libc_nano.a(libc_a-mallocr.o) (__malloc_lock)
C:/ST/STM32CubeIDE_2.0.0/STM32CubeIDE/plugins/com.st.stm32cube.ide.mcu.externaltools.gnu-tools-for-stm32.13.3.rel1.win32_1.0.100.202509120712/tools/bin/../lib/gcc/arm-none-eabi/13.3.1/../../../../arm-none-eabi/lib/thumb/v7e-m+fp/hard\libc_nano.a(libc_a-findfp.o)
                              C:/ST/STM32CubeIDE_2.0.0/STM32CubeIDE/plugins/com.st.stm32cube.ide.mcu.externaltools.gnu-tools-for-stm32.13.3.rel1.win32_1.0.100.202509120712/tools/bin/../lib/gcc/arm-none-eabi/13.3.1/../../../../arm-none-eabi/lib/thumb/v7e-m+fp/hard\libc_nano.a(libc_a-exit.o) (__stdio_exit_handler)
C:/ST/STM32CubeIDE_2.0.0/STM32CubeIDE/plugins/com.st.stm32cube.ide.mcu.externaltools.gnu-tools-for-stm32.13.3.rel1.win32_1.0.100.202509120712/tools/bin/../lib/gcc/arm-none-eabi/13.3.1/../../../../arm-none-eabi/lib/thumb/v7e-m+fp/hard\libc_nano.a(libc_a-fwalk.o)
                              C:/ST/STM32CubeIDE_2.0.0/STM32CubeIDE/plugins/com.st.stm32cube.ide.mcu.externaltools.gnu-tools-for-stm32.13.3.rel1.win32_1.0.100.202509120712/tools/bin/../lib/gcc/arm-none-eabi/13.3.1/../../../../arm-none-eabi/lib/thumb/v7e-m+fp/hard\libc_nano.a(libc_a-findfp.o) (_fwalk_sglue)
C:/ST/STM32CubeIDE_2.0.0/STM32CubeIDE/plugins/com.st.stm32cube.ide.mcu.externaltools.gnu-tools-for-stm32.13.3.rel1.win32_1.0.100.202509120712/tools/bin/../lib/gcc/arm-none-eabi/13.3.1/../../../../arm-none-eabi/lib/thumb/v7e-m+fp/hard\libc_nano.a(libc_a-snprintf.o)
                              ./Core/Src/main.o (snprintf)
C:/ST/STM32CubeIDE_2.0.0/STM32CubeIDE/plugins/com.st.stm32cube.ide.mcu.externaltools.gnu-tools-for-stm32.13.3.rel1.win32_1.0.100.202509120712/tools/bin/../lib/gcc/arm-none-eabi/13.3.1/../../../../arm-none-eabi/lib/thumb/v7e-m+fp/hard\libc_nano.a(libc_a-stdio.o)
                              C:/ST/STM32CubeIDE_2.0.0/STM32CubeIDE/plugins/com.st.stm32cube.ide.mcu.externaltools.gnu-tools-for-stm32.13.3.rel1.win32_1.0.100.202509120712/tools/bin/../lib/gcc/arm-none-eabi/13.3.1/../../../../arm-none-eabi/lib/thumb/v7e-m+fp/hard\libc_nano.a(libc_a-findfp.o) (__sread)
C:/ST/STM32CubeIDE_2.0.0/STM32CubeIDE/plugins/com.st.stm32cube.ide.mcu.externaltools.gnu-tools-for-stm32.13.3.rel1.win32_1.0.100.202509120712/tools/bin/../lib/gcc/arm-none-eabi/13.3.1/../../../../arm-none-eabi/lib/thumb/v7e-m+fp/hard\libc_nano.a(libc_a-vsnprintf.o)
                              ./Core/Src/drv_lcd.o (vsnprintf)
C:/ST/STM32CubeIDE_2.0.0/STM32CubeIDE/plugins/com.st.stm32cube.ide.mcu.externaltools.gnu-tools-for-stm32.13.3.rel1.win32_1.0.100.202509120712/tools/bin/../lib/gcc/arm-none-eabi/13.3.1/../../../../arm-none-eabi/lib/thumb/v7e-m+fp/hard\libc_nano.a(libc_a-memset.o)
                              C:/ST/STM32CubeIDE_2.0.0/STM32CubeIDE/plugins/com.st.stm32cube.ide.mcu.externaltools.gnu-tools-for-stm32.13.3.rel1.win32_1.0.100.202509120712/tools/bin/../lib/gcc/arm-none-eabi/13.3.1/../../../../arm-none-eabi/lib/thumb/v7e-m+fp/hard/crt0.o (memset)
[...]
Memory Configuration

Name             Origin             Length             Attributes
CCMRAM           0x10000000         0x00010000         xrw
RAM              0x20000000         0x00020000         xrw
FLASH            0x08000000         0x00100000         xr
*default*        0x00000000         0xffffffff

Linker script and memory map

LOAD C:/ST/STM32CubeIDE_2.0.0/STM32CubeIDE/plugins/com.st.stm32cube.ide.mcu.externaltools.gnu-tools-for-stm32.13.3.rel1.win32_1.0.100.202509120712/tools/bin/../lib/gcc/arm-none-eabi/13.3.1/thumb/v7e-m+fp/hard/crti.o
LOAD C:/ST/STM32CubeIDE_2.0.0/STM32CubeIDE/plugins/com.st.stm32cube.ide.mcu.externaltools.gnu-tools-for-stm32.13.3.rel1.win32_1.0.100.202509120712/tools/bin/../lib/gcc/arm-none-eabi/13.3.1/thumb/v7e-m+fp/hard/crtbegin.o
LOAD C:/ST/STM32CubeIDE_2.0.0/STM32CubeIDE/plugins/com.st.stm32cube.ide.mcu.externaltools.gnu-tools-for-stm32.13.3.rel1.win32_1.0.100.202509120712/tools/bin/../lib/gcc/arm-none-eabi/13.3.1/../../../../arm-none-eabi/lib/thumb/v7e-m+fp/hard/crt0.o
LOAD ./Core/Src/drv_es8388.o
LOAD ./Core/Src/drv_lcd.o
LOAD ./Core/Src/main.o
LOAD ./Core/Src/stm32f4xx_hal_msp.o
LOAD ./Core/Src/stm32f4xx_it.o
LOAD ./Core/Src/syscalls.o
LOAD ./Core/Src/sysmem.o
LOAD ./Core/Src/system_stm32f4xx.o
LOAD ./Core/Startup/startup_stm32f407zgtx.o
LOAD ./Drivers/STM32F4xx_HAL_Driver/Src/stm32f4xx_hal.o
LOAD ./Drivers/STM32F4xx_HAL_Driver/Src/stm32f4xx_hal_cortex.o
LOAD ./Drivers/STM32F4xx_HAL_Driver/Src/stm32f4xx_hal_dma.o
LOAD ./Drivers/STM32F4xx_HAL_Driver/Src/stm32f4xx_hal_dma_ex.o
LOAD ./Drivers/STM32F4xx_HAL_Driver/Src/stm32f4xx_hal_exti.o
LOAD ./Drivers/STM32F4xx_HAL_Driver/Src/stm32f4xx_hal_flash.o
LOAD ./Drivers/STM32F4xx_HAL_Driver/Src/stm32f4xx_hal_flash_ex.o
LOAD ./Drivers/STM32F4xx_HAL_Driver/Src/stm32f4xx_hal_flash_ramfunc.o
LOAD ./Drivers/STM32F4xx_HAL_Driver/Src/stm32f4xx_hal_gpio.o
LOAD ./Drivers/STM32F4xx_HAL_Driver/Src/stm32f4xx_hal_i2c.o
LOAD ./Drivers/STM32F4xx_HAL_Driver/Src/stm32f4xx_hal_i2c_ex.o
LOAD ./Drivers/STM32F4xx_HAL_Driver/Src/stm32f4xx_hal_i2s.o
LOAD ./Drivers/STM32F4xx_HAL_Driver/Src/stm32f4xx_hal_i2s_ex.o
LOAD ./Drivers/STM32F4xx_HAL_Driver/Src/stm32f4xx_hal_nand.o
LOAD ./Drivers/STM32F4xx_HAL_Driver/Src/stm32f4xx_hal_nor.o
LOAD ./Drivers/STM32F4xx_HAL_Driver/Src/stm32f4xx_hal_pccard.o
LOAD ./Drivers/STM32F4xx_HAL_Driver/Src/stm32f4xx_hal_pwr.o
LOAD ./Drivers/STM32F4xx_HAL_Driver/Src/stm32f4xx_hal_pwr_ex.o
LOAD ./Drivers/STM32F4xx_HAL_Driver/Src/stm32f4xx_hal_rcc.o
LOAD ./Drivers/STM32F4xx_HAL_Driver/Src/stm32f4xx_hal_rcc_ex.o
LOAD ./Drivers/STM32F4xx_HAL_Driver/Src/stm32f4xx_hal_sram.o
LOAD ./Drivers/STM32F4xx_HAL_Driver/Src/stm32f4xx_ll_fsmc.o
START GROUP
LOAD C:/ST/STM32CubeIDE_2.0.0/STM32CubeIDE/plugins/com.st.stm32cube.ide.mcu.externaltools.gnu-tools-for-stm32.13.3.rel1.win32_1.0.100.202509120712/tools/bin/../lib/gcc/arm-none-eabi/13.3.1/../../../../arm-none-eabi/lib/thumb/v7e-m+fp/hard\libc_nano.a
LOAD C:/ST/STM32CubeIDE_2.0.0/STM32CubeIDE/plugins/com.st.stm32cube.ide.mcu.externaltools.gnu-tools-for-stm32.13.3.rel1.win32_1.0.100.202509120712/tools/bin/../lib/gcc/arm-none-eabi/13.3.1/../../../../arm-none-eabi/lib/thumb/v7e-m+fp/hard\libm.a
END GROUP
START GROUP
LOAD C:/ST/STM32CubeIDE_2.0.0/STM32CubeIDE/plugins/com.st.stm32cube.ide.mcu.externaltools.gnu-tools-for-stm32.13.3.rel1.win32_1.0.100.202509120712/tools/bin/../lib/gcc/arm-none-eabi/13.3.1/thumb/v7e-m+fp/hard\libgcc.a
LOAD C:/ST/STM32CubeIDE_2.0.0/STM32CubeIDE/plugins/com.st.stm32cube.ide.mcu.externaltools.gnu-tools-for-stm32.13.3.rel1.win32_1.0.100.202509120712/tools/bin/../lib/gcc/arm-none-eabi/13.3.1/../../../../arm-none-eabi/lib/thumb/v7e-m+fp/hard\libc_nano.a
END GROUP
START GROUP
LOAD C:/ST/STM32CubeIDE_2.0.0/STM32CubeIDE/plugins/com.st.stm32cube.ide.mcu.externaltools.gnu-tools-for-stm32.13.3.rel1.win32_1.0.100.202509120712/tools/bin/../lib/gcc/arm-none-eabi/13.3.1/thumb/v7e-m+fp/hard\libgcc.a
LOAD C:/ST/STM32CubeIDE_2.0.0/STM32CubeIDE/plugins/com.st.stm32cube.ide.mcu.externaltools.gnu-tools-for-stm32.13.3.rel1.win32_1.0.100.202509120712/tools/bin/../lib/gcc/arm-none-eabi/13.3.1/../../../../arm-none-eabi/lib/thumb/v7e-m+fp/hard\libc_nano.a
LOAD C:/ST/STM32CubeIDE_2.0.0/STM32CubeIDE/plugins/com.st.stm32cube.ide.mcu.externaltools.gnu-tools-for-stm32.13.3.rel1.win32_1.0.100.202509120712/tools/bin/../lib/gcc/arm-none-eabi/13.3.1/../../../../arm-none-eabi/lib/thumb/v7e-m+fp/hard\libnosys.a
END GROUP
START GROUP
LOAD C:/ST/STM32CubeIDE_2.0.0/STM32CubeIDE/plugins/com.st.stm32cube.ide.mcu.externaltools.gnu-tools-for-stm32.13.3.rel1.win32_1.0.100.202509120712/tools/bin/../lib/gcc/arm-none-eabi/13.3.1/thumb/v7e-m+fp/hard\libgcc.a
LOAD C:/ST/STM32CubeIDE_2.0.0/STM32CubeIDE/plugins/com.st.stm32cube.ide.mcu.externaltools.gnu-tools-for-stm32.13.3.rel1.win32_1.0.100.202509120712/tools/bin/../lib/gcc/arm-none-eabi/13.3.1/../../../../arm-none-eabi/lib/thumb/v7e-m+fp/hard\libc_nano.a
LOAD C:/ST/STM32CubeIDE_2.0.0/STM32CubeIDE/plugins/com.st.stm32cube.ide.mcu.externaltools.gnu-tools-for-stm32.13.3.rel1.win32_1.0.100.202509120712/tools/bin/../lib/gcc/arm-none-eabi/13.3.1/../../../../arm-none-eabi/lib/thumb/v7e-m+fp/hard\libnosys.a
END GROUP
LOAD C:/ST/STM32CubeIDE_2.0.0/STM32CubeIDE/plugins/com.st.stm32cube.ide.mcu.externaltools.gnu-tools-for-stm32.13.3.rel1.win32_1.0.100.202509120712/tools/bin/../lib/gcc/arm-none-eabi/13.3.1/thumb/v7e-m+fp/hard/crtend.o
LOAD C:/ST/STM32CubeIDE_2.0.0/STM32CubeIDE/plugins/com.st.stm32cube.ide.mcu.externaltools.gnu-tools-for-stm32.13.3.rel1.win32_1.0.100.202509120712/tools/bin/../lib/gcc/arm-none-eabi/13.3.1/thumb/v7e-m+fp/hard/crtn.o
                0x20020000                        _estack = (ORIGIN (RAM) + LENGTH (RAM))
                0x00000200                        _Min_Heap_Size = 0x200
                0x00000400                        _Min_Stack_Size = 0x400

.isr_vector     0x08000000      0x188
                0x08000000                        . = ALIGN (0x4)
 *(.isr_vector)
 .isr_vector    0x08000000      0x188 ./Core/Startup/startup_stm32f407zgtx.o
                0x08000000                g_pfnVectors
                0x08000188                        . = ALIGN (0x4)

.text           0x08000190     0x6758
                0x08000190                        . = ALIGN (0x4)
 *(.text)
 .text          0x08000190       0x40 C:/ST/STM32CubeIDE_2.0.0/STM32CubeIDE/plugins/com.st.stm32cube.ide.mcu.externaltools.gnu-tools-for-stm32.13.3.rel1.win32_1.0.100.202509120712/tools/bin/../lib/gcc/arm-none-eabi/13.3.1/thumb/v7e-m+fp/hard/crtbegin.o
 .text          0x080001d0       0x10 C:/ST/STM32CubeIDE_2.0.0/STM32CubeIDE/plugins/com.st.stm32cube.ide.mcu.externaltools.gnu-tools-for-stm32.13.3.rel1.win32_1.0.100.202509120712/tools/bin/../lib/gcc/arm-none-eabi/13.3.1/../../../../arm-none-eabi/lib/thumb/v7e-m+fp/hard\libc_nano.a(libc_a-strlen.o)
                0x080001d0                strlen
 .text          0x080001e0       0xa0 C:/ST/STM32CubeIDE_2.0.0/STM32CubeIDE/plugins/com.st.stm32cube.ide.mcu.externaltools.gnu-tools-for-stm32.13.3.rel1.win32_1.0.100.202509120712/tools/bin/../lib/gcc/arm-none-eabi/13.3.1/../../../../arm-none-eabi/lib/thumb/v7e-m+fp/hard\libc_nano.a(libc_a-memchr.o)
                0x080001e0                memchr
 .text          0x08000280       0x30 C:/ST/STM32CubeIDE_2.0.0/STM32CubeIDE/plugins/com.st.stm32cube.ide.mcu.externaltools.gnu-tools-for-stm32.13.3.rel1.win32_1.0.100.202509120712/tools/bin/../lib/gcc/arm-none-eabi/13.3.1/thumb/v7e-m+fp/hard\libgcc.a(_aeabi_uldivmod.o)
                0x08000280                __aeabi_uldivmod
 .text          0x080002b0      0x2f8 C:/ST/STM32CubeIDE_2.0.0/STM32CubeIDE/plugins/com.st.stm32cube.ide.mcu.externaltools.gnu-tools-for-stm32.13.3.rel1.win32_1.0.100.202509120712/tools/bin/../lib/gcc/arm-none-eabi/13.3.1/thumb/v7e-m+fp/hard\libgcc.a(_udivmoddi4.o)
                0x080002b0                __udivmoddi4
 .text          0x080005a8        0x4 C:/ST/STM32CubeIDE_2.0.0/STM32CubeIDE/plugins/com.st.stm32cube.ide.mcu.externaltools.gnu-tools-for-stm32.13.3.rel1.win32_1.0.100.202509120712/tools/bin/../lib/gcc/arm-none-eabi/13.3.1/thumb/v7e-m+fp/hard\libgcc.a(_dvmd_tls.o)
                0x080005a8                __aeabi_idiv0
                0x080005a8                __aeabi_ldiv0
 *(.text*)
 .text.reg_write
                0x080005ac       0x44 ./Core/Src/drv_es8388.o
 .text.reg_read
                0x080005f0       0x54 ./Core/Src/drv_es8388.o
 .text.es8388_set_adc_dac_volume
                0x08000644       0x98 ./Core/Src/drv_es8388.o
 .text.es8388_set_voice_mute
                0x080006dc       0x44 ./Core/Src/drv_es8388.o
 .text.es8388_init
                0x08000720       0xf8 ./Core/Src/drv_es8388.o
                0x08000720                es8388_init
 .text.es8388_start
                0x08000818       0xaa ./Core/Src/drv_es8388.o
                0x08000818                es8388_start
 *fill*         0x080008c2        0x2 
 .text.es8388_volume_set
                0x080008c4       0x68 ./Core/Src/drv_es8388.o
                0x080008c4                es8388_volume_set
 .text.LCD_WR_REG
                0x0800092c       0x20 ./Core/Src/drv_lcd.o
                0x0800092c                LCD_WR_REG
 .text.LCD_WR_DATA16
                0x0800094c       0x30 ./Core/Src/drv_lcd.o
                0x0800094c                LCD_WR_DATA16
 .text.LCD_WR_DATA8
                0x0800097c       0x20 ./Core/Src/drv_lcd.o
                0x0800097c                LCD_WR_DATA8
 .text.LCD_RD_DATA8
                0x0800099c       0x18 ./Core/Src/drv_lcd.o
                0x0800099c                LCD_RD_DATA8
 .text.LCD_WriteRAM_Prepare
                0x080009b4       0x20 ./Core/Src/drv_lcd.o
                0x080009b4                LCD_WriteRAM_Prepare
 .text.LCD_PWM_BackLightInit
                0x080009d4       0x18 ./Core/Src/drv_lcd.o
                0x080009d4                LCD_PWM_BackLightInit
 .text.LCD_BackLightSet
                0x080009ec       0x40 ./Core/Src/drv_lcd.o
                0x080009ec                LCD_BackLightSet
 .text.LCD_Display_Dir
                0x08000a2c       0x64 ./Core/Src/drv_lcd.o
                0x08000a2c                LCD_Display_Dir
 .text.lcd_write_half_word
                0x08000a90       0x1c ./Core/Src/drv_lcd.o
 .text.lcd_write_data_buffer
                0x08000aac       0x46 ./Core/Src/drv_lcd.o
 *fill*         0x08000af2        0x2 
 .text.lcd_set_color
                0x08000af4       0x30 ./Core/Src/drv_lcd.o
                0x08000af4                lcd_set_color
 .text.lcd_address_set
                0x08000b24       0xa8 ./Core/Src/drv_lcd.o
                0x08000b24                lcd_address_set
 .text.lcd_clear
                0x08000bcc       0x64 ./Core/Src/drv_lcd.o
                0x08000bcc                lcd_clear
 .text.lcd_fill
                0x08000c30      0x11e ./Core/Src/drv_lcd.o
                0x08000c30                lcd_fill
 *fill*         0x08000d4e        0x2 
 .text.lcd_show_char
                0x08000d50      0x52c ./Core/Src/drv_lcd.o
 .text.lcd_show_string
                0x0800127c       0xda ./Core/Src/drv_lcd.o
                0x0800127c                lcd_show_string
 *fill*         0x08001356        0x2 
 .text.drv_lcd_init
                0x08001358      0x314 ./Core/Src/drv_lcd.o
                0x08001358                drv_lcd_init
 .text.Switch_Song
                0x0800166c       0x48 ./Core/Src/main.o
                0x0800166c                Switch_Song
 .text.Fill_Audio_Buffer
                0x080016b4      0x214 ./Core/Src/main.o
                0x080016b4                Fill_Audio_Buffer
 .text.HAL_I2S_TxHalfCpltCallback
                0x080018c8       0x1a ./Core/Src/main.o
                0x080018c8                HAL_I2S_TxHalfCpltCallback
 .text.HAL_I2S_TxCpltCallback
                0x080018e2       0x1c ./Core/Src/main.o
                0x080018e2                HAL_I2S_TxCpltCallback
 *fill*         0x080018fe        0x2 
 .text.Update_LCD_Display
                0x08001900      0x2d8 ./Core/Src/main.o
                0x08001900                Update_LCD_Display
 .text.Update_Volume_Only
                0x08001bd8       0x5c ./Core/Src/main.o
                0x08001bd8                Update_Volume_Only
 .text.main     0x08001c34      0x394 ./Core/Src/main.o
                0x08001c34                main
 .text.SystemClock_Config
                0x08001fc8       0xe0 ./Core/Src/main.o
                0x08001fc8                SystemClock_Config
 .text.MX_I2C2_Init
                0x080020a8       0x5c ./Core/Src/main.o
 .text.MX_I2S3_Init
                0x08002104       0x5c ./Core/Src/main.o
 .text.MX_DMA_Init
                0x08002160       0x40 ./Core/Src/main.o
 .text.MX_GPIO_Init
                0x080021a0      0x15c ./Core/Src/main.o
 .text.MX_FSMC_Init
                0x080022fc       0xc0 ./Core/Src/main.o
 .text.Error_Handler
                0x080023bc        0xc ./Core/Src/main.o
                0x080023bc                Error_Handler
 .text.HAL_MspInit
                0x080023c8       0x50 ./Core/Src/stm32f4xx_hal_msp.o
                0x080023c8                HAL_MspInit
 .text.HAL_I2C_MspInit
                0x08002418       0x90 ./Core/Src/stm32f4xx_hal_msp.o
                0x08002418                HAL_I2C_MspInit
 .text.HAL_I2S_MspInit
                0x080024a8      0x1c0 ./Core/Src/stm32f4xx_hal_msp.o
                0x080024a8                HAL_I2S_MspInit
 .text.HAL_FSMC_MspInit
                0x08002668       0xbc ./Core/Src/stm32f4xx_hal_msp.o
 .text.HAL_SRAM_MspInit
                0x08002724       0x14 ./Core/Src/stm32f4xx_hal_msp.o
                0x08002724                HAL_SRAM_MspInit
 .text.NMI_Handler
                0x08002738        0x8 ./Core/Src/stm32f4xx_it.o
                0x08002738                NMI_Handler
 .text.HardFault_Handler
                0x08002740        0x8 ./Core/Src/stm32f4xx_it.o
                0x08002740                HardFault_Handler
 .text.MemManage_Handler
                0x08002748        0x8 ./Core/Src/stm32f4xx_it.o
                0x08002748                MemManage_Handler
 .text.BusFault_Handler
                0x08002750        0x8 ./Core/Src/stm32f4xx_it.o
                0x08002750                BusFault_Handler
 .text.UsageFault_Handler
                0x08002758        0x8 ./Core/Src/stm32f4xx_it.o
                0x08002758                UsageFault_Handler
 .text.SVC_Handler
                0x08002760        0xe ./Core/Src/stm32f4xx_it.o
                0x08002760                SVC_Handler
 .text.DebugMon_Handler
                0x0800276e        0xe ./Core/Src/stm32f4xx_it.o
                0x0800276e                DebugMon_Handler
 .text.PendSV_Handler
                0x0800277c        0xe ./Core/Src/stm32f4xx_it.o
                0x0800277c                PendSV_Handler
 .text.SysTick_Handler
                0x0800278a        0xc ./Core/Src/stm32f4xx_it.o
                0x0800278a                SysTick_Handler
 *fill*         0x08002796        0x2 
 .text.DMA1_Stream5_IRQHandler
                0x08002798       0x14 ./Core/Src/stm32f4xx_it.o
                0x08002798                DMA1_Stream5_IRQHandler
 .text._sbrk    0x080027ac       0x6c ./Core/Src/sysmem.o
                0x080027ac                _sbrk
 .text.SystemInit
                0x08002818       0x24 ./Core/Src/system_stm32f4xx.o
                0x08002818                SystemInit
 .text.Reset_Handler
                0x0800283c       0x50 ./Core/Startup/startup_stm32f407zgtx.o
                0x0800283c                Reset_Handler
 .text.Default_Handler
                0x0800288c        0x2 ./Core/Startup/startup_stm32f407zgtx.o
                0x0800288c                RTC_Alarm_IRQHandler
                0x0800288c                HASH_RNG_IRQHandler
                0x0800288c                EXTI2_IRQHandler
                0x0800288c                TIM8_CC_IRQHandler
                0x0800288c                TIM1_CC_IRQHandler
                0x0800288c                DMA2_Stream5_IRQHandler
                0x0800288c                PVD_IRQHandler
                0x0800288c                SDIO_IRQHandler
                0x0800288c                TAMP_STAMP_IRQHandler
                0x0800288c                CAN2_RX1_IRQHandler
                0x0800288c                EXTI3_IRQHandler
                0x0800288c                TIM8_TRG_COM_TIM14_IRQHandler
                0x0800288c                TIM1_UP_TIM10_IRQHandler
                0x0800288c                TIM8_UP_TIM13_IRQHandler
                0x0800288c                I2C3_ER_IRQHandler
                0x0800288c                EXTI0_IRQHandler
                0x0800288c                I2C2_EV_IRQHandler
                0x0800288c                DMA1_Stream2_IRQHandler
                0x0800288c                CAN1_RX0_IRQHandler
                0x0800288c                FPU_IRQHandler
                0x0800288c                OTG_HS_WKUP_IRQHandler
                0x0800288c                CAN2_SCE_IRQHandler
                0x0800288c                DMA2_Stream2_IRQHandler
                0x0800288c                SPI1_IRQHandler
                0x0800288c                TIM6_DAC_IRQHandler
                0x0800288c                TIM1_BRK_TIM9_IRQHandler
                0x0800288c                DCMI_IRQHandler
                0x0800288c                CAN2_RX0_IRQHandler
                0x0800288c                DMA2_Stream3_IRQHandler
                0x0800288c                USART6_IRQHandler
                0x0800288c                USART3_IRQHandler
                0x0800288c                CAN1_RX1_IRQHandler
                0x0800288c                UART5_IRQHandler
                0x0800288c                DMA2_Stream0_IRQHandler
                0x0800288c                TIM4_IRQHandler
                0x0800288c                I2C1_EV_IRQHandler
                0x0800288c                DMA1_Stream6_IRQHandler
                0x0800288c                DMA1_Stream1_IRQHandler
                0x0800288c                UART4_IRQHandler
                0x0800288c                TIM3_IRQHandler
                0x0800288c                RCC_IRQHandler
                0x0800288c                TIM8_BRK_TIM12_IRQHandler
                0x0800288c                Default_Handler
                0x0800288c                EXTI15_10_IRQHandler
                0x0800288c                ADC_IRQHandler
                0x0800288c                DMA1_Stream7_IRQHandler
                0x0800288c                TIM7_IRQHandler
                0x0800288c                CAN2_TX_IRQHandler
                0x0800288c                TIM5_IRQHandler
                0x0800288c                DMA2_Stream7_IRQHandler
                0x0800288c                I2C3_EV_IRQHandler
                0x0800288c                EXTI9_5_IRQHandler
                0x0800288c                RTC_WKUP_IRQHandler
                0x0800288c                ETH_WKUP_IRQHandler
                0x0800288c                SPI2_IRQHandler
                0x0800288c                OTG_HS_EP1_IN_IRQHandler
                0x0800288c                DMA1_Stream0_IRQHandler
                0x0800288c                CAN1_TX_IRQHandler
                0x0800288c                EXTI4_IRQHandler
                0x0800288c                FSMC_IRQHandler
                0x0800288c                ETH_IRQHandler
                0x0800288c                OTG_HS_EP1_OUT_IRQHandler
                0x0800288c                WWDG_IRQHandler
                0x0800288c                TIM2_IRQHandler
                0x0800288c                OTG_FS_WKUP_IRQHandler
                0x0800288c                TIM1_TRG_COM_TIM11_IRQHandler
                0x0800288c                OTG_HS_IRQHandler
                0x0800288c                EXTI1_IRQHandler
                0x0800288c                USART2_IRQHandler
                0x0800288c                I2C2_ER_IRQHandler
                0x0800288c                DMA2_Stream1_IRQHandler
                0x0800288c                CAN1_SCE_IRQHandler
                0x0800288c                FLASH_IRQHandler
                0x0800288c                DMA2_Stream4_IRQHandler
                0x0800288c                USART1_IRQHandler
                0x0800288c                OTG_FS_IRQHandler
                0x0800288c                SPI3_IRQHandler
                0x0800288c                DMA1_Stream4_IRQHandler
                0x0800288c                I2C1_ER_IRQHandler
                0x0800288c                DMA2_Stream6_IRQHandler
                0x0800288c                DMA1_Stream3_IRQHandler
 *fill*         0x0800288e        0x2 
 .text.HAL_Init
                0x08002890       0x44 ./Drivers/STM32F4xx_HAL_Driver/Src/stm32f4xx_hal.o
                0x08002890                HAL_Init
 .text.HAL_InitTick
                0x080028d4       0x60 ./Drivers/STM32F4xx_HAL_Driver/Src/stm32f4xx_hal.o
                0x080028d4                HAL_InitTick
 .text.HAL_IncTick
                0x08002934       0x28 ./Drivers/STM32F4xx_HAL_Driver/Src/stm32f4xx_hal.o
                0x08002934                HAL_IncTick
 .text.HAL_GetTick
                0x0800295c       0x18 ./Drivers/STM32F4xx_HAL_Driver/Src/stm32f4xx_hal.o
                0x0800295c                HAL_GetTick
 .text.HAL_Delay
                0x08002974       0x48 ./Drivers/STM32F4xx_HAL_Driver/Src/stm32f4xx_hal.o
                0x08002974                HAL_Delay
 .text.__NVIC_SetPriorityGrouping
                0x080029bc       0x48 ./Drivers/STM32F4xx_HAL_Driver/Src/stm32f4xx_hal_cortex.o
 .text.__NVIC_GetPriorityGrouping
                0x08002a04       0x1c ./Drivers/STM32F4xx_HAL_Driver/Src/stm32f4xx_hal_cortex.o
 .text.__NVIC_EnableIRQ
                0x08002a20       0x3c ./Drivers/STM32F4xx_HAL_Driver/Src/stm32f4xx_hal_cortex.o
 .text.__NVIC_SetPriority
                0x08002a5c       0x54 ./Drivers/STM32F4xx_HAL_Driver/Src/stm32f4xx_hal_cortex.o
 .text.NVIC_EncodePriority
                0x08002ab0       0x66 ./Drivers/STM32F4xx_HAL_Driver/Src/stm32f4xx_hal_cortex.o
 *fill*         0x08002b16        0x2 
 .text.SysTick_Config
                0x08002b18       0x44 ./Drivers/STM32F4xx_HAL_Driver/Src/stm32f4xx_hal_cortex.o
 .text.HAL_NVIC_SetPriorityGrouping
                0x08002b5c       0x16 ./Drivers/STM32F4xx_HAL_Driver/Src/stm32f4xx_hal_cortex.o
                0x08002b5c                HAL_NVIC_SetPriorityGrouping
 .text.HAL_NVIC_SetPriority
                0x08002b72       0x38 ./Drivers/STM32F4xx_HAL_Driver/Src/stm32f4xx_hal_cortex.o
                0x08002b72                HAL_NVIC_SetPriority
 .text.HAL_NVIC_EnableIRQ
                0x08002baa       0x1c ./Drivers/STM32F4xx_HAL_Driver/Src/stm32f4xx_hal_cortex.o
                0x08002baa                HAL_NVIC_EnableIRQ
 .text.HAL_SYSTICK_Config
                0x08002bc6       0x18 ./Drivers/STM32F4xx_HAL_Driver/Src/stm32f4xx_hal_cortex.o
                0x08002bc6                HAL_SYSTICK_Config
 *fill*         0x08002bde        0x2 
 .text.HAL_DMA_Init
                0x08002be0      0x15c ./Drivers/STM32F4xx_HAL_Driver/Src/stm32f4xx_hal_dma.o
                0x08002be0                HAL_DMA_Init
 .text.HAL_DMA_Start_IT
                0x08002d3c       0xb0 ./Drivers/STM32F4xx_HAL_Driver/Src/stm32f4xx_hal_dma.o
                0x08002d3c                HAL_DMA_Start_IT
 .text.HAL_DMA_IRQHandler
                0x08002dec      0x314 ./Drivers/STM32F4xx_HAL_Driver/Src/stm32f4xx_hal_dma.o
                0x08002dec                HAL_DMA_IRQHandler
 .text.DMA_SetConfig
                0x08003100       0x5c ./Drivers/STM32F4xx_HAL_Driver/Src/stm32f4xx_hal_dma.o
 .text.DMA_CalcBaseAndBitshift
                0x0800315c       0x6c ./Drivers/STM32F4xx_HAL_Driver/Src/stm32f4xx_hal_dma.o
 .text.DMA_CheckFifoParam
                0x080031c8       0xf8 ./Drivers/STM32F4xx_HAL_Driver/Src/stm32f4xx_hal_dma.o
 .text.HAL_GPIO_Init
                0x080032c0      0x338 ./Drivers/STM32F4xx_HAL_Driver/Src/stm32f4xx_hal_gpio.o
                0x080032c0                HAL_GPIO_Init
 .text.HAL_GPIO_ReadPin
                0x080035f8       0x30 ./Drivers/STM32F4xx_HAL_Driver/Src/stm32f4xx_hal_gpio.o
                0x080035f8                HAL_GPIO_ReadPin
 .text.HAL_GPIO_WritePin
                0x08003628       0x32 ./Drivers/STM32F4xx_HAL_Driver/Src/stm32f4xx_hal_gpio.o
                0x08003628                HAL_GPIO_WritePin
 *fill*         0x0800365a        0x2 
 .text.HAL_I2C_Init
                0x0800365c      0x288 ./Drivers/STM32F4xx_HAL_Driver/Src/stm32f4xx_hal_i2c.o
                0x0800365c                HAL_I2C_Init
 .text.HAL_I2C_Master_Transmit
                0x080038e4      0x1fc ./Drivers/STM32F4xx_HAL_Driver/Src/stm32f4xx_hal_i2c.o
                0x080038e4                HAL_I2C_Master_Transmit
 .text.HAL_I2C_Master_Receive
                0x08003ae0      0x464 ./Drivers/STM32F4xx_HAL_Driver/Src/stm32f4xx_hal_i2c.o
                0x08003ae0                HAL_I2C_Master_Receive
 .text.I2C_MasterRequestWrite
                0x08003f44      0x104 ./Drivers/STM32F4xx_HAL_Driver/Src/stm32f4xx_hal_i2c.o
 .text.I2C_MasterRequestRead
                0x08004048      0x19c ./Drivers/STM32F4xx_HAL_Driver/Src/stm32f4xx_hal_i2c.o
 .text.I2C_WaitOnFlagUntilTimeout
                0x080041e4       0xf4 ./Drivers/STM32F4xx_HAL_Driver/Src/stm32f4xx_hal_i2c.o
 .text.I2C_WaitOnMasterAddressFlagUntilTimeout
                0x080042d8      0x140 ./Drivers/STM32F4xx_HAL_Driver/Src/stm32f4xx_hal_i2c.o
 .text.I2C_WaitOnTXEFlagUntilTimeout
                0x08004418       0x90 ./Drivers/STM32F4xx_HAL_Driver/Src/stm32f4xx_hal_i2c.o
 .text.I2C_WaitOnBTFFlagUntilTimeout
                0x080044a8       0x90 ./Drivers/STM32F4xx_HAL_Driver/Src/stm32f4xx_hal_i2c.o
 .text.I2C_WaitOnRXNEFlagUntilTimeout
                0x08004538       0xba ./Drivers/STM32F4xx_HAL_Driver/Src/stm32f4xx_hal_i2c.o
 .text.I2C_IsAcknowledgeFailed
                0x080045f2       0x5e ./Drivers/STM32F4xx_HAL_Driver/Src/stm32f4xx_hal_i2c.o
 .text.HAL_I2S_Init
                0x08004650      0x280 ./Drivers/STM32F4xx_HAL_Driver/Src/stm32f4xx_hal_i2s.o
                0x08004650                HAL_I2S_Init
 .text.HAL_I2S_Transmit_DMA
                0x080048d0      0x148 ./Drivers/STM32F4xx_HAL_Driver/Src/stm32f4xx_hal_i2s.o
                0x080048d0                HAL_I2S_Transmit_DMA
 .text.HAL_I2S_RxCpltCallback
                0x08004a18       0x14 ./Drivers/STM32F4xx_HAL_Driver/Src/stm32f4xx_hal_i2s.o
                0x08004a18                HAL_I2S_RxCpltCallback
 .text.HAL_I2S_ErrorCallback
                0x08004a2c       0x14 ./Drivers/STM32F4xx_HAL_Driver/Src/stm32f4xx_hal_i2s.o
                0x08004a2c                HAL_I2S_ErrorCallback
 .text.I2S_DMATxCplt
                0x08004a40       0x42 ./Drivers/STM32F4xx_HAL_Driver/Src/stm32f4xx_hal_i2s.o
 .text.I2S_DMATxHalfCplt
                0x08004a82       0x1c ./Drivers/STM32F4xx_HAL_Driver/Src/stm32f4xx_hal_i2s.o
 .text.I2S_DMAError
                0x08004a9e       0x4c ./Drivers/STM32F4xx_HAL_Driver/Src/stm32f4xx_hal_i2s.o
 .text.I2S_Transmit_IT
                0x08004aea       0x5c ./Drivers/STM32F4xx_HAL_Driver/Src/stm32f4xx_hal_i2s.o
 .text.I2S_Receive_IT
                0x08004b46       0x5e ./Drivers/STM32F4xx_HAL_Driver/Src/stm32f4xx_hal_i2s.o
 .text.I2S_IRQHandler
                0x08004ba4      0x114 ./Drivers/STM32F4xx_HAL_Driver/Src/stm32f4xx_hal_i2s.o
 .text.HAL_I2SEx_FullDuplex_IRQHandler
                0x08004cb8      0x2a8 ./Drivers/STM32F4xx_HAL_Driver/Src/stm32f4xx_hal_i2s_ex.o
                0x08004cb8                HAL_I2SEx_FullDuplex_IRQHandler
 .text.HAL_I2SEx_TxRxCpltCallback
                0x08004f60       0x14 ./Drivers/STM32F4xx_HAL_Driver/Src/stm32f4xx_hal_i2s_ex.o
                0x08004f60                HAL_I2SEx_TxRxCpltCallback
 .text.I2SEx_TxISR_I2S
                0x08004f74       0x62 ./Drivers/STM32F4xx_HAL_Driver/Src/stm32f4xx_hal_i2s_ex.o
 *fill*         0x08004fd6        0x2 
 .text.I2SEx_TxISR_I2SExt
                0x08004fd8       0x98 ./Drivers/STM32F4xx_HAL_Driver/Src/stm32f4xx_hal_i2s_ex.o
 .text.I2SEx_RxISR_I2S
                0x08005070       0x64 ./Drivers/STM32F4xx_HAL_Driver/Src/stm32f4xx_hal_i2s_ex.o
 .text.I2SEx_RxISR_I2SExt
                0x080050d4       0x98 ./Drivers/STM32F4xx_HAL_Driver/Src/stm32f4xx_hal_i2s_ex.o
 .text.HAL_RCC_OscConfig
                0x0800516c      0x4f0 ./Drivers/STM32F4xx_HAL_Driver/Src/stm32f4xx_hal_rcc.o
                0x0800516c                HAL_RCC_OscConfig
 .text.HAL_RCC_ClockConfig
                0x0800565c      0x1cc ./Drivers/STM32F4xx_HAL_Driver/Src/stm32f4xx_hal_rcc.o
                0x0800565c                HAL_RCC_ClockConfig
 .text.HAL_RCC_GetSysClockFreq
                0x08005828      0x18c ./Drivers/STM32F4xx_HAL_Driver/Src/stm32f4xx_hal_rcc.o
                0x08005828                HAL_RCC_GetSysClockFreq
 .text.HAL_RCC_GetHCLKFreq
                0x080059b4       0x18 ./Drivers/STM32F4xx_HAL_Driver/Src/stm32f4xx_hal_rcc.o
                0x080059b4                HAL_RCC_GetHCLKFreq
 .text.HAL_RCC_GetPCLK1Freq
                0x080059cc       0x28 ./Drivers/STM32F4xx_HAL_Driver/Src/stm32f4xx_hal_rcc.o
                0x080059cc                HAL_RCC_GetPCLK1Freq
 .text.HAL_RCCEx_PeriphCLKConfig
                0x080059f4      0x1c4 ./Drivers/STM32F4xx_HAL_Driver/Src/stm32f4xx_hal_rcc_ex.o
                0x080059f4                HAL_RCCEx_PeriphCLKConfig
 .text.HAL_RCCEx_GetPeriphCLKFreq
                0x08005bb8       0xc0 ./Drivers/STM32F4xx_HAL_Driver/Src/stm32f4xx_hal_rcc_ex.o
                0x08005bb8                HAL_RCCEx_GetPeriphCLKFreq
 .text.HAL_SRAM_Init
                0x08005c78       0x90 ./Drivers/STM32F4xx_HAL_Driver/Src/stm32f4xx_hal_sram.o
                0x08005c78                HAL_SRAM_Init
 .text.FSMC_NORSRAM_Init
                0x08005d08       0xd4 ./Drivers/STM32F4xx_HAL_Driver/Src/stm32f4xx_ll_fsmc.o
                0x08005d08                FSMC_NORSRAM_Init
 .text.FSMC_NORSRAM_Timing_Init
                0x08005ddc       0x5c ./Drivers/STM32F4xx_HAL_Driver/Src/stm32f4xx_ll_fsmc.o
                0x08005ddc                FSMC_NORSRAM_Timing_Init
 .text.FSMC_NORSRAM_Extended_Timing_Init
                0x08005e38       0x70 ./Drivers/STM32F4xx_HAL_Driver/Src/stm32f4xx_ll_fsmc.o
                0x08005e38                FSMC_NORSRAM_Extended_Timing_Init
 .text.malloc   0x08005ea8       0x10 C:/ST/STM32CubeIDE_2.0.0/STM32CubeIDE/plugins/com.st.stm32cube.ide.mcu.externaltools.gnu-tools-for-stm32.13.3.rel1.win32_1.0.100.202509120712/tools/bin/../lib/gcc/arm-none-eabi/13.3.1/../../../../arm-none-eabi/lib/thumb/v7e-m+fp/hard\libc_nano.a(libc_a-malloc.o)
                0x08005ea8                malloc
 .text.free     0x08005eb8       0x10 C:/ST/STM32CubeIDE_2.0.0/STM32CubeIDE/plugins/com.st.stm32cube.ide.mcu.externaltools.gnu-tools-for-stm32.13.3.rel1.win32_1.0.100.202509120712/tools/bin/../lib/gcc/arm-none-eabi/13.3.1/../../../../arm-none-eabi/lib/thumb/v7e-m+fp/hard\libc_nano.a(libc_a-malloc.o)
                0x08005eb8                free
 .text.sbrk_aligned
                0x08005ec8       0x44 C:/ST/STM32CubeIDE_2.0.0/STM32CubeIDE/plugins/com.st.stm32cube.ide.mcu.externaltools.gnu-tools-for-stm32.13.3.rel1.win32_1.0.100.202509120712/tools/bin/../lib/gcc/arm-none-eabi/13.3.1/../../../../arm-none-eabi/lib/thumb/v7e-m+fp/hard\libc_nano.a(libc_a-mallocr.o)
 .text._malloc_r
                0x08005f0c      0x100 C:/ST/STM32CubeIDE_2.0.0/STM32CubeIDE/plugins/com.st.stm32cube.ide.mcu.externaltools.gnu-tools-for-stm32.13.3.rel1.win32_1.0.100.202509120712/tools/bin/../lib/gcc/arm-none-eabi/13.3.1/../../../../arm-none-eabi/lib/thumb/v7e-m+fp/hard\libc_nano.a(libc_a-mallocr.o)
                0x08005f0c                _malloc_r
 .text.__malloc_lock
                0x0800600c        0xc C:/ST/STM32CubeIDE_2.0.0/STM32CubeIDE/plugins/com.st.stm32cube.ide.mcu.externaltools.gnu-tools-for-stm32.13.3.rel1.win32_1.0.100.202509120712/tools/bin/../lib/gcc/arm-none-eabi/13.3.1/../../../../arm-none-eabi/lib/thumb/v7e-m+fp/hard\libc_nano.a(libc_a-mlock.o)
                0x0800600c                __malloc_lock
 .text.__malloc_unlock
                0x08006018        0xc C:/ST/STM32CubeIDE_2.0.0/STM32CubeIDE/plugins/com.st.stm32cube.ide.mcu.externaltools.gnu-tools-for-stm32.13.3.rel1.win32_1.0.100.202509120712/tools/bin/../lib/gcc/arm-none-eabi/13.3.1/../../../../arm-none-eabi/lib/thumb/v7e-m+fp/hard\libc_nano.a(libc_a-mlock.o)
                0x08006018                __malloc_unlock
 .text.snprintf
                0x08006024       0x6c C:/ST/STM32CubeIDE_2.0.0/STM32CubeIDE/plugins/com.st.stm32cube.ide.mcu.externaltools.gnu-tools-for-stm32.13.3.rel1.win32_1.0.100.202509120712/tools/bin/../lib/gcc/arm-none-eabi/13.3.1/../../../../arm-none-eabi/lib/thumb/v7e-m+fp/hard\libc_nano.a(libc_a-snprintf.o)
                0x08006024                sniprintf
                0x08006024                snprintf
 .text._vsnprintf_r
                0x08006090       0x5c C:/ST/STM32CubeIDE_2.0.0/STM32CubeIDE/plugins/com.st.stm32cube.ide.mcu.externaltools.gnu-tools-for-stm32.13.3.rel1.win32_1.0.100.202509120712/tools/bin/../lib/gcc/arm-none-eabi/13.3.1/../../../../arm-none-eabi/lib/thumb/v7e-m+fp/hard\libc_nano.a(libc_a-vsnprintf.o)
                0x08006090                _vsniprintf_r
                0x08006090                _vsnprintf_r
 .text.vsnprintf
                0x080060ec       0x1c C:/ST/STM32CubeIDE_2.0.0/STM32CubeIDE/plugins/com.st.stm32cube.ide.mcu.externaltools.gnu-tools-for-stm32.13.3.rel1.win32_1.0.100.202509120712/tools/bin/../lib/gcc/arm-none-eabi/13.3.1/../../../../arm-none-eabi/lib/thumb/v7e-m+fp/hard\libc_nano.a(libc_a-vsnprintf.o)
                0x080060ec                vsniprintf
                0x080060ec                vsnprintf
 .text.memset   0x08006108       0x10 C:/ST/STM32CubeIDE_2.0.0/STM32CubeIDE/plugins/com.st.stm32cube.ide.mcu.externaltools.gnu-tools-for-stm32.13.3.rel1.win32_1.0.100.202509120712/tools/bin/../lib/gcc/arm-none-eabi/13.3.1/../../../../arm-none-eabi/lib/thumb/v7e-m+fp/hard\libc_nano.a(libc_a-memset.o)
                0x08006108                memset
 .text.strncpy  0x08006118       0x26 C:/ST/STM32CubeIDE_2.0.0/STM32CubeIDE/plugins/com.st.stm32cube.ide.mcu.externaltools.gnu-tools-for-stm32.13.3.rel1.win32_1.0.100.202509120712/tools/bin/../lib/gcc/arm-none-eabi/13.3.1/../../../../arm-none-eabi/lib/thumb/v7e-m+fp/hard\libc_nano.a(libc_a-strncpy.o)
                0x08006118                strncpy
 *fill*         0x0800613e        0x2 
 .text._sbrk_r  0x08006140       0x20 C:/ST/STM32CubeIDE_2.0.0/STM32CubeIDE/plugins/com.st.stm32cube.ide.mcu.externaltools.gnu-tools-for-stm32.13.3.rel1.win32_1.0.100.202509120712/tools/bin/../lib/gcc/arm-none-eabi/13.3.1/../../../../arm-none-eabi/lib/thumb/v7e-m+fp/hard\libc_nano.a(libc_a-sbrkr.o)
                0x08006140                _sbrk_r
 .text.__errno  0x08006160        0xc C:/ST/STM32CubeIDE_2.0.0/STM32CubeIDE/plugins/com.st.stm32cube.ide.mcu.externaltools.gnu-tools-for-stm32.13.3.rel1.win32_1.0.100.202509120712/tools/bin/../lib/gcc/arm-none-eabi/13.3.1/../../../../arm-none-eabi/lib/thumb/v7e-m+fp/hard\libc_nano.a(libc_a-errno.o)
                0x08006160                __errno
 .text.__libc_init_array
                0x0800616c       0x48 C:/ST/STM32CubeIDE_2.0.0/STM32CubeIDE/plugins/com.st.stm32cube.ide.mcu.externaltools.gnu-tools-for-stm32.13.3.rel1.win32_1.0.100.202509120712/tools/bin/../lib/gcc/arm-none-eabi/13.3.1/../../../../arm-none-eabi/lib/thumb/v7e-m+fp/hard\libc_nano.a(libc_a-init.o)
                0x0800616c                __libc_init_array
 .text.__retarget_lock_acquire_recursive
                0x080061b4        0x2 C:/ST/STM32CubeIDE_2.0.0/STM32CubeIDE/plugins/com.st.stm32cube.ide.mcu.externaltools.gnu-tools-for-stm32.13.3.rel1.win32_1.0.100.202509120712/tools/bin/../lib/gcc/arm-none-eabi/13.3.1/../../../../arm-none-eabi/lib/thumb/v7e-m+fp/hard\libc_nano.a(libc_a-lock.o)
                0x080061b4                __retarget_lock_acquire_recursive
 .text.__retarget_lock_release_recursive
                0x080061b6        0x2 C:/ST/STM32CubeIDE_2.0.0/STM32CubeIDE/plugins/com.st.stm32cube.ide.mcu.externaltools.gnu-tools-for-stm32.13.3.rel1.win32_1.0.100.202509120712/tools/bin/../lib/gcc/arm-none-eabi/13.3.1/../../../../arm-none-eabi/lib/thumb/v7e-m+fp/hard\libc_nano.a(libc_a-lock.o)
                0x080061b6                __retarget_lock_release_recursive
 .text._free_r  0x080061b8       0x94 C:/ST/STM32CubeIDE_2.0.0/STM32CubeIDE/plugins/com.st.stm32cube.ide.mcu.externaltools.gnu-tools-for-stm32.13.3.rel1.win32_1.0.100.202509120712/tools/bin/../lib/gcc/arm-none-eabi/13.3.1/../../../../arm-none-eabi/lib/thumb/v7e-m+fp/hard\libc_nano.a(libc_a-freer.o)
                0x080061b8                _free_r
 .text.__ssputs_r
                0x0800624c       0xb6 C:/ST/STM32CubeIDE_2.0.0/STM32CubeIDE/plugins/com.st.stm32cube.ide.mcu.externaltools.gnu-tools-for-stm32.13.3.rel1.win32_1.0.100.202509120712/tools/bin/../lib/gcc/arm-none-eabi/13.3.1/../../../../arm-none-eabi/lib/thumb/v7e-m+fp/hard\libc_nano.a(libc_a-nano-svfprintf.o)
                0x0800624c                __ssputs_r
 *fill*         0x08006302        0x2 
 .text._svfprintf_r
                0x08006304      0x1f8 C:/ST/STM32CubeIDE_2.0.0/STM32CubeIDE/plugins/com.st.stm32cube.ide.mcu.externaltools.gnu-tools-for-stm32.13.3.rel1.win32_1.0.100.202509120712/tools/bin/../lib/gcc/arm-none-eabi/13.3.1/../../../../arm-none-eabi/lib/thumb/v7e-m+fp/hard\libc_nano.a(libc_a-nano-svfprintf.o)
                0x08006304                _svfiprintf_r
                0x08006304                _svfprintf_r
 .text._printf_common
                0x080064fc       0xda C:/ST/STM32CubeIDE_2.0.0/STM32CubeIDE/plugins/com.st.stm32cube.ide.mcu.externaltools.gnu-tools-for-stm32.13.3.rel1.win32_1.0.100.202509120712/tools/bin/../lib/gcc/arm-none-eabi/13.3.1/../../../../arm-none-eabi/lib/thumb/v7e-m+fp/hard\libc_nano.a(libc_a-nano-vfprintf_i.o)
                0x080064fc                _printf_common
 *fill*         0x080065d6        0x2 
 .text._printf_i
                0x080065d8      0x23c C:/ST/STM32CubeIDE_2.0.0/STM32CubeIDE/plugins/com.st.stm32cube.ide.mcu.externaltools.gnu-tools-for-stm32.13.3.rel1.win32_1.0.100.202509120712/tools/bin/../lib/gcc/arm-none-eabi/13.3.1/../../../../arm-none-eabi/lib/thumb/v7e-m+fp/hard\libc_nano.a(libc_a-nano-vfprintf_i.o)
                0x080065d8                _printf_i
 .text.memmove  0x08006814       0x34 C:/ST/STM32CubeIDE_2.0.0/STM32CubeIDE/plugins/com.st.stm32cube.ide.mcu.externaltools.gnu-tools-for-stm32.13.3.rel1.win32_1.0.100.202509120712/tools/bin/../lib/gcc/arm-none-eabi/13.3.1/../../../../arm-none-eabi/lib/thumb/v7e-m+fp/hard\libc_nano.a(libc_a-memmove.o)
                0x08006814                memmove
 .text.memcpy   0x08006848       0x1c C:/ST/STM32CubeIDE_2.0.0/STM32CubeIDE/plugins/com.st.stm32cube.ide.mcu.externaltools.gnu-tools-for-stm32.13.3.rel1.win32_1.0.100.202509120712/tools/bin/../lib/gcc/arm-none-eabi/13.3.1/../../../../arm-none-eabi/lib/thumb/v7e-m+fp/hard\libc_nano.a(libc_a-memcpy-stub.o)
                0x08006848                memcpy
 .text._realloc_r
                0x08006864       0x5c C:/ST/STM32CubeIDE_2.0.0/STM32CubeIDE/plugins/com.st.stm32cube.ide.mcu.externaltools.gnu-tools-for-stm32.13.3.rel1.win32_1.0.100.202509120712/tools/bin/../lib/gcc/arm-none-eabi/13.3.1/../../../../arm-none-eabi/lib/thumb/v7e-m+fp/hard\libc_nano.a(libc_a-reallocr.o)
                0x08006864                _realloc_r
 .text._malloc_usable_size_r
                0x080068c0       0x10 C:/ST/STM32CubeIDE_2.0.0/STM32CubeIDE/plugins/com.st.stm32cube.ide.mcu.externaltools.gnu-tools-for-stm32.13.3.rel1.win32_1.0.100.202509120712/tools/bin/../lib/gcc/arm-none-eabi/13.3.1/../../../../arm-none-eabi/lib/thumb/v7e-m+fp/hard\libc_nano.a(libc_a-msizer.o)
                0x080068c0                _malloc_usable_size_r
 *(.glue_7)
 .glue_7        0x080068d0        0x0 linker stubs
 *(.glue_7t)
 .glue_7t       0x080068d0        0x0 linker stubs
 *(.eh_frame)
 .eh_frame      0x080068d0        0x0 C:/ST/STM32CubeIDE_2.0.0/STM32CubeIDE/plugins/com.st.stm32cube.ide.mcu.externaltools.gnu-tools-for-stm32.13.3.rel1.win32_1.0.100.202509120712/tools/bin/../lib/gcc/arm-none-eabi/13.3.1/thumb/v7e-m+fp/hard/crtbegin.o
 *(.init)
 .init          0x080068d0        0x4 C:/ST/STM32CubeIDE_2.0.0/STM32CubeIDE/plugins/com.st.stm32cube.ide.mcu.externaltools.gnu-tools-for-stm32.13.3.rel1.win32_1.0.100.202509120712/tools/bin/../lib/gcc/arm-none-eabi/13.3.1/thumb/v7e-m+fp/hard/crti.o
                0x080068d0                _init
 .init          0x080068d4        0x8 C:/ST/STM32CubeIDE_2.0.0/STM32CubeIDE/plugins/com.st.stm32cube.ide.mcu.externaltools.gnu-tools-for-stm32.13.3.rel1.win32_1.0.100.202509120712/tools/bin/../lib/gcc/arm-none-eabi/13.3.1/thumb/v7e-m+fp/hard/crtn.o
 *(.fini)
 .fini          0x080068dc        0x4 C:/ST/STM32CubeIDE_2.0.0/STM32CubeIDE/plugins/com.st.stm32cube.ide.mcu.externaltools.gnu-tools-for-stm32.13.3.rel1.win32_1.0.100.202509120712/tools/bin/../lib/gcc/arm-none-eabi/13.3.1/thumb/v7e-m+fp/hard/crti.o
                0x080068dc                _fini
 .fini          0x080068e0        0x8 C:/ST/STM32CubeIDE_2.0.0/STM32CubeIDE/plugins/com.st.stm32cube.ide.mcu.externaltools.gnu-tools-for-stm32.13.3.rel1.win32_1.0.100.202509120712/tools/bin/../lib/gcc/arm-none-eabi/13.3.1/thumb/v7e-m+fp/hard/crtn.o
                0x080068e8                        . = ALIGN (0x4)
                0x080068e8                        _etext = .

.vfp11_veneer   0x080068e8        0x0
 .vfp11_veneer  0x080068e8        0x0 linker stubs

.v4_bx          0x080068e8        0x0
 .v4_bx         0x080068e8        0x0 linker stubs

.iplt           0x080068e8        0x0
 .iplt          0x080068e8        0x0 C:/ST/STM32CubeIDE_2.0.0/STM32CubeIDE/plugins/com.st.stm32cube.ide.mcu.externaltools.gnu-tools-for-stm32.13.3.rel1.win32_1.0.100.202509120712/tools/bin/../lib/gcc/arm-none-eabi/13.3.1/thumb/v7e-m+fp/hard/crtbegin.o

.rodata         0x080068e8     0x3484
                0x080068e8                        . = ALIGN (0x4)
 *(.rodata)
 .rodata        0x080068e8      0x126 ./Core/Src/main.o
 *(.rodata*)
 *fill*         0x08006a0e        0x2 
 .rodata.asc2_1608
                0x08006a10      0x5e0 ./Core/Src/drv_lcd.o
                0x08006a10                asc2_1608
 .rodata.asc2_2412
                0x08006ff0     0x11a0 ./Core/Src/drv_lcd.o
                0x08006ff0                asc2_2412
 .rodata.asc2_3216
                0x08008190     0x1780 ./Core/Src/drv_lcd.o
                0x08008190                asc2_3216
 .rodata.jingle_bells_track
                0x08009910       0xd0 ./Core/Src/main.o
                0x08009910                jingle_bells_track
 .rodata.song_jingle
                0x080099e0        0xc ./Core/Src/main.o
                0x080099e0                song_jingle
 .rodata.megalovania_track
                0x080099ec       0x58 ./Core/Src/main.o
                0x080099ec                megalovania_track
 .rodata.song_megalovania
                0x08009a44        0xc ./Core/Src/main.o
                0x08009a44                song_megalovania
 .rodata.pirates_track
                0x08009a50       0x60 ./Core/Src/main.o
                0x08009a50                pirates_track
 .rodata.song_pirates
                0x08009ab0        0xc ./Core/Src/main.o
                0x08009ab0                song_pirates
 .rodata.harry_track
                0x08009abc       0x40 ./Core/Src/main.o
                0x08009abc                harry_track
 .rodata.song_harry
                0x08009afc        0xc ./Core/Src/main.o
                0x08009afc                song_harry
 .rodata.mario_track
                0x08009b08       0x58 ./Core/Src/main.o
                0x08009b08                mario_track
 .rodata.song_mario
                0x08009b60        0xc ./Core/Src/main.o
                0x08009b60                song_mario
 .rodata.starwars_track
                0x08009b6c       0x78 ./Core/Src/main.o
                0x08009b6c                starwars_track
 .rodata.song_starwars
                0x08009be4        0xc ./Core/Src/main.o
                0x08009be4                song_starwars
 .rodata.tetris_track
                0x08009bf0       0x80 ./Core/Src/main.o
                0x08009bf0                tetris_track
 .rodata.song_tetris
                0x08009c70        0xc ./Core/Src/main.o
                0x08009c70                song_tetris
 .rodata.rickroll_track
                0x08009c7c       0x70 ./Core/Src/main.o
                0x08009c7c                rickroll_track
 .rodata.song_rickroll
                0x08009cec        0xc ./Core/Src/main.o
                0x08009cec                song_rickroll
 .rodata.playlist
                0x08009cf8       0x20 ./Core/Src/main.o
                0x08009cf8                playlist
 .rodata.AHBPrescTable
                0x08009d18       0x10 ./Core/Src/system_stm32f4xx.o
                0x08009d18                AHBPrescTable
 .rodata.APBPrescTable
                0x08009d28        0x8 ./Core/Src/system_stm32f4xx.o
                0x08009d28                APBPrescTable
 .rodata.flagBitshiftOffset.0
                0x08009d30        0x8 ./Drivers/STM32F4xx_HAL_Driver/Src/stm32f4xx_hal_dma.o
 .rodata._svfprintf_r.str1.1
                0x08009d38       0x33 C:/ST/STM32CubeIDE_2.0.0/STM32CubeIDE/plugins/com.st.stm32cube.ide.mcu.externaltools.gnu-tools-for-stm32.13.3.rel1.win32_1.0.100.202509120712/tools/bin/../lib/gcc/arm-none-eabi/13.3.1/../../../../arm-none-eabi/lib/thumb/v7e-m+fp/hard\libc_nano.a(libc_a-nano-svfprintf.o)
                                 0x11 (size before relaxing)
 .rodata._printf_i.str1.1
                0x08009d6b        0x0 C:/ST/STM32CubeIDE_2.0.0/STM32CubeIDE/plugins/com.st.stm32cube.ide.mcu.externaltools.gnu-tools-for-stm32.13.3.rel1.win32_1.0.100.202509120712/tools/bin/../lib/gcc/arm-none-eabi/13.3.1/../../../../arm-none-eabi/lib/thumb/v7e-m+fp/hard\libc_nano.a(libc_a-nano-vfprintf_i.o)
                                 0x22 (size before relaxing)
                0x08009d6c                        . = ALIGN (0x4)
 *fill*         0x08009d6b        0x1 

.ARM.extab      0x08009d6c        0x0
                0x08009d6c                        . = ALIGN (0x4)
 *(.ARM.extab* .gnu.linkonce.armextab.*)
                0x08009d6c                        . = ALIGN (0x4)

.ARM            0x08009d6c        0x8
                0x08009d6c                        . = ALIGN (0x4)
                0x08009d6c                        __exidx_start = .
 *(.ARM.exidx*)
 .ARM.exidx     0x08009d6c        0x8 C:/ST/STM32CubeIDE_2.0.0/STM32CubeIDE/plugins/com.st.stm32cube.ide.mcu.externaltools.gnu-tools-for-stm32.13.3.rel1.win32_1.0.100.202509120712/tools/bin/../lib/gcc/arm-none-eabi/13.3.1/../../../../arm-none-eabi/lib/thumb/v7e-m+fp/hard\libc_nano.a(libc_a-strlen.o)
 .ARM.exidx     0x08009d74        0x0 C:/ST/STM32CubeIDE_2.0.0/STM32CubeIDE/plugins/com.st.stm32cube.ide.mcu.externaltools.gnu-tools-for-stm32.13.3.rel1.win32_1.0.100.202509120712/tools/bin/../lib/gcc/arm-none-eabi/13.3.1/../../../../arm-none-eabi/lib/thumb/v7e-m+fp/hard\libc_nano.a(libc_a-memchr.o)
                                  0x8 (size before relaxing)
 .ARM.exidx     0x08009d74        0x0 C:/ST/STM32CubeIDE_2.0.0/STM32CubeIDE/plugins/com.st.stm32cube.ide.mcu.externaltools.gnu-tools-for-stm32.13.3.rel1.win32_1.0.100.202509120712/tools/bin/../lib/gcc/arm-none-eabi/13.3.1/thumb/v7e-m+fp/hard\libgcc.a(_udivmoddi4.o)
                                  0x8 (size before relaxing)
                0x08009d74                        __exidx_end = .
                0x08009d74                        . = ALIGN (0x4)

.preinit_array  0x08009d74        0x0
                0x08009d74                        . = ALIGN (0x4)
                0x08009d74                        PROVIDE (__preinit_array_start = .)
 *(.preinit_array*)
                0x08009d74                        PROVIDE (__preinit_array_end = .)
                0x08009d74                        . = ALIGN (0x4)

.init_array     0x08009d74        0x4
                0x08009d74                        . = ALIGN (0x4)
                0x08009d74                        PROVIDE (__init_array_start = .)
 *(SORT_BY_NAME(.init_array.*))
 *(.init_array*)
 .init_array    0x08009d74        0x4 C:/ST/STM32CubeIDE_2.0.0/STM32CubeIDE/plugins/com.st.stm32cube.ide.mcu.externaltools.gnu-tools-for-stm32.13.3.rel1.win32_1.0.100.202509120712/tools/bin/../lib/gcc/arm-none-eabi/13.3.1/thumb/v7e-m+fp/hard/crtbegin.o
                0x08009d78                        PROVIDE (__init_array_end = .)
                0x08009d78                        . = ALIGN (0x4)

.fini_array     0x08009d78        0x4
                0x08009d78                        . = ALIGN (0x4)
                [!provide]                        PROVIDE (__fini_array_start = .)
 *(SORT_BY_NAME(.fini_array.*))
 *(.fini_array*)
 .fini_array    0x08009d78        0x4 C:/ST/STM32CubeIDE_2.0.0/STM32CubeIDE/plugins/com.st.stm32cube.ide.mcu.externaltools.gnu-tools-for-stm32.13.3.rel1.win32_1.0.100.202509120712/tools/bin/../lib/gcc/arm-none-eabi/13.3.1/thumb/v7e-m+fp/hard/crtbegin.o
                [!provide]                        PROVIDE (__fini_array_end = .)
                0x08009d7c                        . = ALIGN (0x4)
                0x08009d7c                        _sidata = LOADADDR (.data)

.rel.dyn        0x08009d7c        0x0
 .rel.iplt      0x08009d7c        0x0 C:/ST/STM32CubeIDE_2.0.0/STM32CubeIDE/plugins/com.st.stm32cube.ide.mcu.externaltools.gnu-tools-for-stm32.13.3.rel1.win32_1.0.100.202509120712/tools/bin/../lib/gcc/arm-none-eabi/13.3.1/thumb/v7e-m+fp/hard/crtbegin.o

.data           0x20000000       0x68 load address 0x08009d7c
                0x20000000                        . = ALIGN (0x4)
                0x20000000                        _sdata = .
 *(.data)
 *(.data*)
 .data.current_volume
                0x20000000        0x1 ./Core/Src/drv_es8388.o
 *fill*         0x20000001        0x1 
 .data.BACK_COLOR
                0x20000002        0x2 ./Core/Src/drv_lcd.o
                0x20000002                BACK_COLOR
 .data.current_song
                0x20000004        0x4 ./Core/Src/main.o
                0x20000004                current_song
 .data.volume_level
                0x20000008        0x1 ./Core/Src/main.o
                0x20000008                volume_level
 *fill*         0x20000009        0x3 
 .data.SystemCoreClock
                0x2000000c        0x4 ./Core/Src/system_stm32f4xx.o
                0x2000000c                SystemCoreClock
 .data.uwTickPrio
                0x20000010        0x4 ./Drivers/STM32F4xx_HAL_Driver/Src/stm32f4xx_hal.o
                0x20000010                uwTickPrio
 .data.uwTickFreq
                0x20000014        0x1 ./Drivers/STM32F4xx_HAL_Driver/Src/stm32f4xx_hal.o
                0x20000014                uwTickFreq
 *fill*         0x20000015        0x3 
 .data._impure_ptr
                0x20000018        0x4 C:/ST/STM32CubeIDE_2.0.0/STM32CubeIDE/plugins/com.st.stm32cube.ide.mcu.externaltools.gnu-tools-for-stm32.13.3.rel1.win32_1.0.100.202509120712/tools/bin/../lib/gcc/arm-none-eabi/13.3.1/../../../../arm-none-eabi/lib/thumb/v7e-m+fp/hard\libc_nano.a(libc_a-impure.o)
                0x20000018                _impure_ptr
 .data._impure_data
                0x2000001c       0x4c C:/ST/STM32CubeIDE_2.0.0/STM32CubeIDE/plugins/com.st.stm32cube.ide.mcu.externaltools.gnu-tools-for-stm32.13.3.rel1.win32_1.0.100.202509120712/tools/bin/../lib/gcc/arm-none-eabi/13.3.1/../../../../arm-none-eabi/lib/thumb/v7e-m+fp/hard\libc_nano.a(libc_a-impure.o)
                0x2000001c                _impure_data
 *(.RamFunc)
 *(.RamFunc*)
                0x20000068                        . = ALIGN (0x4)
                0x20000068                        _edata = .
                0x08009de4                        _siccmram = LOADADDR (.ccmram)

.igot.plt       0x20000068        0x0 load address 0x08009de4
 .igot.plt      0x20000068        0x0 C:/ST/STM32CubeIDE_2.0.0/STM32CubeIDE/plugins/com.st.stm32cube.ide.mcu.externaltools.gnu-tools-for-stm32.13.3.rel1.win32_1.0.100.202509120712/tools/bin/../lib/gcc/arm-none-eabi/13.3.1/thumb/v7e-m+fp/hard/crtbegin.o

.ccmram         0x10000000        0x0 load address 0x08009de4
                0x10000000                        . = ALIGN (0x4)
                0x10000000                        _sccmram = .
 *(.ccmram)
 *(.ccmram*)
                0x10000000                        . = ALIGN (0x4)
                0x10000000                        _eccmram = .
                0x10000000                        . = ALIGN (0x4)

.bss            0x20000068      0x6ec
                0x20000068                        _sbss = .
                0x20000068                        __bss_start__ = _sbss
 *(.bss)
 .bss           0x20000068       0x1c C:/ST/STM32CubeIDE_2.0.0/STM32CubeIDE/plugins/com.st.stm32cube.ide.mcu.externaltools.gnu-tools-for-stm32.13.3.rel1.win32_1.0.100.202509120712/tools/bin/../lib/gcc/arm-none-eabi/13.3.1/thumb/v7e-m+fp/hard/crtbegin.o
 *(.bss*)
 .bss.es_hi2c   0x20000084        0x4 ./Core/Src/drv_es8388.o
 .bss.lcddev    0x20000088        0xe ./Core/Src/drv_lcd.o
                0x20000088                lcddev
 .bss.FORE_COLOR
                0x20000096        0x2 ./Core/Src/drv_lcd.o
                0x20000096                FORE_COLOR
 .bss.hi2c2     0x20000098       0x54 ./Core/Src/main.o
                0x20000098                hi2c2
 .bss.hi2s3     0x200000ec       0x48 ./Core/Src/main.o
                0x200000ec                hi2s3
 .bss.hdma_spi3_tx
                0x20000134       0x60 ./Core/Src/main.o
                0x20000134                hdma_spi3_tx
 .bss.hsram1    0x20000194       0x50 ./Core/Src/main.o
                0x20000194                hsram1
 .bss.debug_audio_buffer
                0x200001e4      0x400 ./Core/Src/main.o
                0x200001e4                debug_audio_buffer
 .bss.current_song_idx
                0x200005e4        0x1 ./Core/Src/main.o
                0x200005e4                current_song_idx
 .bss.is_paused
                0x200005e5        0x1 ./Core/Src/main.o
                0x200005e5                is_paused
 *fill*         0x200005e6        0x2 
 .bss.current_note_idx
                0x200005e8        0x4 ./Core/Src/main.o
                0x200005e8                current_note_idx
 .bss.samples_elapsed
                0x200005ec        0x4 ./Core/Src/main.o
                0x200005ec                samples_elapsed
 .bss.current_freq
                0x200005f0        0x4 ./Core/Src/main.o
                0x200005f0                current_freq
 .bss.current_phase
                0x200005f4        0x4 ./Core/Src/main.o
                0x200005f4                current_phase
 .bss.updateLCD
                0x200005f8        0x1 ./Core/Src/main.o
                0x200005f8                updateLCD
 .bss.vol_mode_active
                0x200005f9        0x1 ./Core/Src/main.o
                0x200005f9                vol_mode_active
 .bss.system_ready
                0x200005fa        0x1 ./Core/Src/main.o
                0x200005fa                system_ready
 .bss.down_prev.3
                0x200005fb        0x1 ./Core/Src/main.o
 .bss.up_prev.2
                0x200005fc        0x1 ./Core/Src/main.o
 .bss.right_prev.1
                0x200005fd        0x1 ./Core/Src/main.o
 .bss.left_prev.0
                0x200005fe        0x1 ./Core/Src/main.o
 *fill*         0x200005ff        0x1 
 .bss.FSMC_Initialized
                0x20000600        0x4 ./Core/Src/stm32f4xx_hal_msp.o
 .bss.__sbrk_heap_end
                0x20000604        0x4 ./Core/Src/sysmem.o
 .bss.uwTick    0x20000608        0x4 ./Drivers/STM32F4xx_HAL_Driver/Src/stm32f4xx_hal.o
                0x20000608                uwTick
 .bss.__malloc_sbrk_start
                0x2000060c        0x4 C:/ST/STM32CubeIDE_2.0.0/STM32CubeIDE/plugins/com.st.stm32cube.ide.mcu.externaltools.gnu-tools-for-stm32.13.3.rel1.win32_1.0.100.202509120712/tools/bin/../lib/gcc/arm-none-eabi/13.3.1/../../../../arm-none-eabi/lib/thumb/v7e-m+fp/hard\libc_nano.a(libc_a-mallocr.o)
                0x2000060c                __malloc_sbrk_start
 .bss.__malloc_free_list
                0x20000610        0x4 C:/ST/STM32CubeIDE_2.0.0/STM32CubeIDE/plugins/com.st.stm32cube.ide.mcu.externaltools.gnu-tools-for-stm32.13.3.rel1.win32_1.0.100.202509120712/tools/bin/../lib/gcc/arm-none-eabi/13.3.1/../../../../arm-none-eabi/lib/thumb/v7e-m+fp/hard\libc_nano.a(libc_a-mallocr.o)
                0x20000610                __malloc_free_list
 .bss.__sf      0x20000614      0x138 C:/ST/STM32CubeIDE_2.0.0/STM32CubeIDE/plugins/com.st.stm32cube.ide.mcu.externaltools.gnu-tools-for-stm32.13.3.rel1.win32_1.0.100.202509120712/tools/bin/../lib/gcc/arm-none-eabi/13.3.1/../../../../arm-none-eabi/lib/thumb/v7e-m+fp/hard\libc_nano.a(libc_a-findfp.o)
                0x20000614                __sf
 .bss.errno     0x2000074c        0x4 C:/ST/STM32CubeIDE_2.0.0/STM32CubeIDE/plugins/com.st.stm32cube.ide.mcu.externaltools.gnu-tools-for-stm32.13.3.rel1.win32_1.0.100.202509120712/tools/bin/../lib/gcc/arm-none-eabi/13.3.1/../../../../arm-none-eabi/lib/thumb/v7e-m+fp/hard\libc_nano.a(libc_a-reent.o)
                0x2000074c                errno
 .bss.__lock___malloc_recursive_mutex
                0x20000750        0x1 C:/ST/STM32CubeIDE_2.0.0/STM32CubeIDE/plugins/com.st.stm32cube.ide.mcu.externaltools.gnu-tools-for-stm32.13.3.rel1.win32_1.0.100.202509120712/tools/bin/../lib/gcc/arm-none-eabi/13.3.1/../../../../arm-none-eabi/lib/thumb/v7e-m+fp/hard\libc_nano.a(libc_a-lock.o)
                0x20000750                __lock___malloc_recursive_mutex
 *(COMMON)
                0x20000754                        . = ALIGN (0x4)
 *fill*         0x20000751        0x3 
                0x20000754                        _ebss = .
                0x20000754                        __bss_end__ = _ebss

._user_heap_stack
                0x20000754      0x604
                0x20000758                        . = ALIGN (0x8)
 *fill*         0x20000754        0x4 
                [!provide]                        PROVIDE (end = .)
                0x20000758                        PROVIDE (_end = .)
                0x20000958                        . = (. + _Min_Heap_Size)
 *fill*         0x20000758      0x200 
                0x20000d58                        . = (. + _Min_Stack_Size)
 *fill*         0x20000958      0x400 
                0x20000d58                        . = ALIGN (0x8)

/DISCARD/
 libc.a(*)
 libm.a(*)
 libgcc.a(*)

.ARM.attributes
                0x00000000       0x30
 *(.ARM.attributes)
 .ARM.attributes
                0x00000000       0x22 C:/ST/STM32CubeIDE_2.0.0/STM32CubeIDE/plugins/com.st.stm32cube.ide.mcu.externaltools.gnu-tools-for-stm32.13.3.rel1.win32_1.0.100.202509120712/tools/bin/../lib/gcc/arm-none-eabi/13.3.1/thumb/v7e-m+fp/hard/crti.o
 .ARM.attributes
                0x00000022       0x34 C:/ST/STM32CubeIDE_2.0.0/STM32CubeIDE/plugins/com.st.stm32cube.ide.mcu.externaltools.gnu-tools-for-stm32.13.3.rel1.win32_1.0.100.202509120712/tools/bin/../lib/gcc/arm-none-eabi/13.3.1/thumb/v7e-m+fp/hard/crtbegin.o
 .ARM.attributes
                0x00000056       0x34 ./Core/Src/drv_es8388.o
 .ARM.attributes
                0x0000008a       0x34 ./Core/Src/drv_lcd.o
 .ARM.attributes
                0x000000be       0x34 ./Core/Src/main.o
 .ARM.attributes
                0x000000f2       0x34 ./Core/Src/stm32f4xx_hal_msp.o
 .ARM.attributes
                0x00000126       0x34 ./Core/Src/stm32f4xx_it.o
 .ARM.attributes
                0x0000015a       0x34 ./Core/Src/sysmem.o
 .ARM.attributes
                0x0000018e       0x34 ./Core/Src/system_stm32f4xx.o
 .ARM.attributes
                0x000001c2       0x21 ./Core/Startup/startup_stm32f407zgtx.o
 .ARM.attributes
                0x000001e3       0x34 ./Drivers/STM32F4xx_HAL_Driver/Src/stm32f4xx_hal.o
 .ARM.attributes
                0x00000217       0x34 ./Drivers/STM32F4xx_HAL_Driver/Src/stm32f4xx_hal_cortex.o
 .ARM.attributes
                0x0000024b       0x34 ./Drivers/STM32F4xx_HAL_Driver/Src/stm32f4xx_hal_dma.o
 .ARM.attributes
                0x0000027f       0x34 ./Drivers/STM32F4xx_HAL_Driver/Src/stm32f4xx_hal_gpio.o
 .ARM.attributes
                0x000002b3       0x34 ./Drivers/STM32F4xx_HAL_Driver/Src/stm32f4xx_hal_i2c.o
 .ARM.attributes
                0x000002e7       0x34 ./Drivers/STM32F4xx_HAL_Driver/Src/stm32f4xx_hal_i2s.o
 .ARM.attributes
                0x0000031b       0x34 ./Drivers/STM32F4xx_HAL_Driver/Src/stm32f4xx_hal_i2s_ex.o
 .ARM.attributes
                0x0000034f       0x34 ./Drivers/STM32F4xx_HAL_Driver/Src/stm32f4xx_hal_rcc.o
 .ARM.attributes
                0x00000383       0x34 ./Drivers/STM32F4xx_HAL_Driver/Src/stm32f4xx_hal_rcc_ex.o
 .ARM.attributes
                0x000003b7       0x34 ./Drivers/STM32F4xx_HAL_Driver/Src/stm32f4xx_hal_sram.o
 .ARM.attributes
                0x000003eb       0x34 ./Drivers/STM32F4xx_HAL_Driver/Src/stm32f4xx_ll_fsmc.o
 .ARM.attributes
                0x0000041f       0x34 C:/ST/STM32CubeIDE_2.0.0/STM32CubeIDE/plugins/com.st.stm32cube.ide.mcu.externaltools.gnu-tools-for-stm32.13.3.rel1.win32_1.0.100.202509120712/tools/bin/../lib/gcc/arm-none-eabi/13.3.1/../../../../arm-none-eabi/lib/thumb/v7e-m+fp/hard\libc_nano.a(libc_a-malloc.o)
 .ARM.attributes
                0x00000453       0x34 C:/ST/STM32CubeIDE_2.0.0/STM32CubeIDE/plugins/com.st.stm32cube.ide.mcu.externaltools.gnu-tools-for-stm32.13.3.rel1.win32_1.0.100.202509120712/tools/bin/../lib/gcc/arm-none-eabi/13.3.1/../../../../arm-none-eabi/lib/thumb/v7e-m+fp/hard\libc_nano.a(libc_a-mallocr.o)
 .ARM.attributes
                0x00000487       0x34 C:/ST/STM32CubeIDE_2.0.0/STM32CubeIDE/plugins/com.st.stm32cube.ide.mcu.externaltools.gnu-tools-for-stm32.13.3.rel1.win32_1.0.100.202509120712/tools/bin/../lib/gcc/arm-none-eabi/13.3.1/../../../../arm-none-eabi/lib/thumb/v7e-m+fp/hard\libc_nano.a(libc_a-mlock.o)
 .ARM.attributes
                0x000004bb       0x34 C:/ST/STM32CubeIDE_2.0.0/STM32CubeIDE/plugins/com.st.stm32cube.ide.mcu.externaltools.gnu-tools-for-stm32.13.3.rel1.win32_1.0.100.202509120712/tools/bin/../lib/gcc/arm-none-eabi/13.3.1/../../../../arm-none-eabi/lib/thumb/v7e-m+fp/hard\libc_nano.a(libc_a-findfp.o)
 .ARM.attributes
                0x000004ef       0x34 C:/ST/STM32CubeIDE_2.0.0/STM32CubeIDE/plugins/com.st.stm32cube.ide.mcu.externaltools.gnu-tools-for-stm32.13.3.rel1.win32_1.0.100.202509120712/tools/bin/../lib/gcc/arm-none-eabi/13.3.1/../../../../arm-none-eabi/lib/thumb/v7e-m+fp/hard\libc_nano.a(libc_a-snprintf.o)
 .ARM.attributes
                0x00000523       0x34 C:/ST/STM32CubeIDE_2.0.0/STM32CubeIDE/plugins/com.st.stm32cube.ide.mcu.externaltools.gnu-tools-for-stm32.13.3.rel1.win32_1.0.100.202509120712/tools/bin/../lib/gcc/arm-none-eabi/13.3.1/../../../../arm-none-eabi/lib/thumb/v7e-m+fp/hard\libc_nano.a(libc_a-vsnprintf.o)
 .ARM.attributes
                0x00000557       0x34 C:/ST/STM32CubeIDE_2.0.0/STM32CubeIDE/plugins/com.st.stm32cube.ide.mcu.externaltools.gnu-tools-for-stm32.13.3.rel1.win32_1.0.100.202509120712/tools/bin/../lib/gcc/arm-none-eabi/13.3.1/../../../../arm-none-eabi/lib/thumb/v7e-m+fp/hard\libc_nano.a(libc_a-memset.o)
 .ARM.attributes
                0x0000058b       0x34 C:/ST/STM32CubeIDE_2.0.0/STM32CubeIDE/plugins/com.st.stm32cube.ide.mcu.externaltools.gnu-tools-for-stm32.13.3.rel1.win32_1.0.100.202509120712/tools/bin/../lib/gcc/arm-none-eabi/13.3.1/../../../../arm-none-eabi/lib/thumb/v7e-m+fp/hard\libc_nano.a(libc_a-strncpy.o)
 .ARM.attributes
                0x000005bf       0x34 C:/ST/STM32CubeIDE_2.0.0/STM32CubeIDE/plugins/com.st.stm32cube.ide.mcu.externaltools.gnu-tools-for-stm32.13.3.rel1.win32_1.0.100.202509120712/tools/bin/../lib/gcc/arm-none-eabi/13.3.1/../../../../arm-none-eabi/lib/thumb/v7e-m+fp/hard\libc_nano.a(libc_a-reent.o)
 .ARM.attributes
                0x000005f3       0x34 C:/ST/STM32CubeIDE_2.0.0/STM32CubeIDE/plugins/com.st.stm32cube.ide.mcu.externaltools.gnu-tools-for-stm32.13.3.rel1.win32_1.0.100.202509120712/tools/bin/../lib/gcc/arm-none-eabi/13.3.1/../../../../arm-none-eabi/lib/thumb/v7e-m+fp/hard\libc_nano.a(libc_a-impure.o)
 .ARM.attributes
                0x00000627       0x34 C:/ST/STM32CubeIDE_2.0.0/STM32CubeIDE/plugins/com.st.stm32cube.ide.mcu.externaltools.gnu-tools-for-stm32.13.3.rel1.win32_1.0.100.202509120712/tools/bin/../lib/gcc/arm-none-eabi/13.3.1/../../../../arm-none-eabi/lib/thumb/v7e-m+fp/hard\libc_nano.a(libc_a-sbrkr.o)
 .ARM.attributes
                0x0000065b       0x34 C:/ST/STM32CubeIDE_2.0.0/STM32CubeIDE/plugins/com.st.stm32cube.ide.mcu.externaltools.gnu-tools-for-stm32.13.3.rel1.win32_1.0.100.202509120712/tools/bin/../lib/gcc/arm-none-eabi/13.3.1/../../../../arm-none-eabi/lib/thumb/v7e-m+fp/hard\libc_nano.a(libc_a-errno.o)
 .ARM.attributes
                0x0000068f       0x34 C:/ST/STM32CubeIDE_2.0.0/STM32CubeIDE/plugins/com.st.stm32cube.ide.mcu.externaltools.gnu-tools-for-stm32.13.3.rel1.win32_1.0.100.202509120712/tools/bin/../lib/gcc/arm-none-eabi/13.3.1/../../../../arm-none-eabi/lib/thumb/v7e-m+fp/hard\libc_nano.a(libc_a-init.o)
 .ARM.attributes
                0x000006c3       0x34 C:/ST/STM32CubeIDE_2.0.0/STM32CubeIDE/plugins/com.st.stm32cube.ide.mcu.externaltools.gnu-tools-for-stm32.13.3.rel1.win32_1.0.100.202509120712/tools/bin/../lib/gcc/arm-none-eabi/13.3.1/../../../../arm-none-eabi/lib/thumb/v7e-m+fp/hard\libc_nano.a(libc_a-lock.o)
 .ARM.attributes
                0x000006f7       0x17 C:/ST/STM32CubeIDE_2.0.0/STM32CubeIDE/plugins/com.st.stm32cube.ide.mcu.externaltools.gnu-tools-for-stm32.13.3.rel1.win32_1.0.100.202509120712/tools/bin/../lib/gcc/arm-none-eabi/13.3.1/../../../../arm-none-eabi/lib/thumb/v7e-m+fp/hard\libc_nano.a(libc_a-strlen.o)
 .ARM.attributes
                0x0000070e       0x34 C:/ST/STM32CubeIDE_2.0.0/STM32CubeIDE/plugins/com.st.stm32cube.ide.mcu.externaltools.gnu-tools-for-stm32.13.3.rel1.win32_1.0.100.202509120712/tools/bin/../lib/gcc/arm-none-eabi/13.3.1/../../../../arm-none-eabi/lib/thumb/v7e-m+fp/hard\libc_nano.a(libc_a-freer.o)
 .ARM.attributes
                0x00000742       0x34 C:/ST/STM32CubeIDE_2.0.0/STM32CubeIDE/plugins/com.st.stm32cube.ide.mcu.externaltools.gnu-tools-for-stm32.13.3.rel1.win32_1.0.100.202509120712/tools/bin/../lib/gcc/arm-none-eabi/13.3.1/../../../../arm-none-eabi/lib/thumb/v7e-m+fp/hard\libc_nano.a(libc_a-nano-svfprintf.o)
 .ARM.attributes
                0x00000776       0x34 C:/ST/STM32CubeIDE_2.0.0/STM32CubeIDE/plugins/com.st.stm32cube.ide.mcu.externaltools.gnu-tools-for-stm32.13.3.rel1.win32_1.0.100.202509120712/tools/bin/../lib/gcc/arm-none-eabi/13.3.1/../../../../arm-none-eabi/lib/thumb/v7e-m+fp/hard\libc_nano.a(libc_a-nano-vfprintf_i.o)
 .ARM.attributes
                0x000007aa       0x34 C:/ST/STM32CubeIDE_2.0.0/STM32CubeIDE/plugins/com.st.stm32cube.ide.mcu.externaltools.gnu-tools-for-stm32.13.3.rel1.win32_1.0.100.202509120712/tools/bin/../lib/gcc/arm-none-eabi/13.3.1/../../../../arm-none-eabi/lib/thumb/v7e-m+fp/hard\libc_nano.a(libc_a-memmove.o)
 .ARM.attributes
                0x000007de       0x1c C:/ST/STM32CubeIDE_2.0.0/STM32CubeIDE/plugins/com.st.stm32cube.ide.mcu.externaltools.gnu-tools-for-stm32.13.3.rel1.win32_1.0.100.202509120712/tools/bin/../lib/gcc/arm-none-eabi/13.3.1/../../../../arm-none-eabi/lib/thumb/v7e-m+fp/hard\libc_nano.a(libc_a-memchr.o)
 .ARM.attributes
                0x000007fa       0x34 C:/ST/STM32CubeIDE_2.0.0/STM32CubeIDE/plugins/com.st.stm32cube.ide.mcu.externaltools.gnu-tools-for-stm32.13.3.rel1.win32_1.0.100.202509120712/tools/bin/../lib/gcc/arm-none-eabi/13.3.1/../../../../arm-none-eabi/lib/thumb/v7e-m+fp/hard\libc_nano.a(libc_a-memcpy-stub.o)
 .ARM.attributes
                0x0000082e       0x34 C:/ST/STM32CubeIDE_2.0.0/STM32CubeIDE/plugins/com.st.stm32cube.ide.mcu.externaltools.gnu-tools-for-stm32.13.3.rel1.win32_1.0.100.202509120712/tools/bin/../lib/gcc/arm-none-eabi/13.3.1/../../../../arm-none-eabi/lib/thumb/v7e-m+fp/hard\libc_nano.a(libc_a-reallocr.o)
 .ARM.attributes
                0x00000862       0x34 C:/ST/STM32CubeIDE_2.0.0/STM32CubeIDE/plugins/com.st.stm32cube.ide.mcu.externaltools.gnu-tools-for-stm32.13.3.rel1.win32_1.0.100.202509120712/tools/bin/../lib/gcc/arm-none-eabi/13.3.1/../../../../arm-none-eabi/lib/thumb/v7e-m+fp/hard\libc_nano.a(libc_a-msizer.o)
 .ARM.attributes
                0x00000896       0x22 C:/ST/STM32CubeIDE_2.0.0/STM32CubeIDE/plugins/com.st.stm32cube.ide.mcu.externaltools.gnu-tools-for-stm32.13.3.rel1.win32_1.0.100.202509120712/tools/bin/../lib/gcc/arm-none-eabi/13.3.1/thumb/v7e-m+fp/hard\libgcc.a(_aeabi_uldivmod.o)
 .ARM.attributes
                0x000008b8       0x34 C:/ST/STM32CubeIDE_2.0.0/STM32CubeIDE/plugins/com.st.stm32cube.ide.mcu.externaltools.gnu-tools-for-stm32.13.3.rel1.win32_1.0.100.202509120712/tools/bin/../lib/gcc/arm-none-eabi/13.3.1/thumb/v7e-m+fp/hard\libgcc.a(_udivmoddi4.o)
 .ARM.attributes
                0x000008ec       0x22 C:/ST/STM32CubeIDE_2.0.0/STM32CubeIDE/plugins/com.st.stm32cube.ide.mcu.externaltools.gnu-tools-for-stm32.13.3.rel1.win32_1.0.100.202509120712/tools/bin/../lib/gcc/arm-none-eabi/13.3.1/thumb/v7e-m+fp/hard\libgcc.a(_dvmd_tls.o)
 .ARM.attributes
                0x0000090e       0x22 C:/ST/STM32CubeIDE_2.0.0/STM32CubeIDE/plugins/com.st.stm32cube.ide.mcu.externaltools.gnu-tools-for-stm32.13.3.rel1.win32_1.0.100.202509120712/tools/bin/../lib/gcc/arm-none-eabi/13.3.1/thumb/v7e-m+fp/hard/crtn.o
OUTPUT(Cadiz_MP3Project.elf elf32-littlearm)
LOAD linker stubs
LOAD C:/ST/STM32CubeIDE_2.0.0/STM32CubeIDE/plugins/com.st.stm32cube.ide.mcu.externaltools.gnu-tools-for-stm32.13.3.rel1.win32_1.0.100.202509120712/tools/bin/../lib/gcc/arm-none-eabi/13.3.1/../../../../arm-none-eabi/lib/thumb/v7e-m+fp/hard\libc.a
LOAD C:/ST/STM32CubeIDE_2.0.0/STM32CubeIDE/plugins/com.st.stm32cube.ide.mcu.externaltools.gnu-tools-for-stm32.13.3.rel1.win32_1.0.100.202509120712/tools/bin/../lib/gcc/arm-none-eabi/13.3.1/../../../../arm-none-eabi/lib/thumb/v7e-m+fp/hard\libm.a
LOAD C:/ST/STM32CubeIDE_2.0.0/STM32CubeIDE/plugins/com.st.stm32cube.ide.mcu.externaltools.gnu-tools-for-stm32.13.3.rel1.win32_1.0.100.202509120712/tools/bin/../lib/gcc/arm-none-eabi/13.3.1/thumb/v7e-m+fp/hard\libgcc.a

.debug_info     0x00000000     0xdd55
 .debug_info    0x00000000      0x88a ./Core/Src/drv_es8388.o
 .debug_info    0x0000088a     0x1507 ./Core/Src/drv_lcd.o
 .debug_info    0x00001d91     0x1ce4 ./Core/Src/main.o
 .debug_info    0x00003a75     0x1068 ./Core/Src/stm32f4xx_hal_msp.o
 .debug_info    0x00004add      0x3a9 ./Core/Src/stm32f4xx_it.o
 .debug_info    0x00004e86      0x168 ./Core/Src/sysmem.o
 .debug_info    0x00004fee      0x512 ./Core/Src/system_stm32f4xx.o
 .debug_info    0x00005500       0x30 ./Core/Startup/startup_stm32f407zgtx.o
 .debug_info    0x00005530      0x944 ./Drivers/STM32F4xx_HAL_Driver/Src/stm32f4xx_hal.o
 .debug_info    0x00005e74      0xd8c ./Drivers/STM32F4xx_HAL_Driver/Src/stm32f4xx_hal_cortex.o
 .debug_info    0x00006c00      0x8e7 ./Drivers/STM32F4xx_HAL_Driver/Src/stm32f4xx_hal_dma.o
 .debug_info    0x000074e7      0x6c3 ./Drivers/STM32F4xx_HAL_Driver/Src/stm32f4xx_hal_gpio.o
 .debug_info    0x00007baa     0x2415 ./Drivers/STM32F4xx_HAL_Driver/Src/stm32f4xx_hal_i2c.o
 .debug_info    0x00009fbf      0xe02 ./Drivers/STM32F4xx_HAL_Driver/Src/stm32f4xx_hal_i2s.o
 .debug_info    0x0000adc1      0xaae ./Drivers/STM32F4xx_HAL_Driver/Src/stm32f4xx_hal_i2s_ex.o
 .debug_info    0x0000b86f      0x8c3 ./Drivers/STM32F4xx_HAL_Driver/Src/stm32f4xx_hal_rcc.o
 .debug_info    0x0000c132      0x536 ./Drivers/STM32F4xx_HAL_Driver/Src/stm32f4xx_hal_rcc_ex.o
 .debug_info    0x0000c668      0xd48 ./Drivers/STM32F4xx_HAL_Driver/Src/stm32f4xx_hal_sram.o
 .debug_info    0x0000d3b0      0x9a5 ./Drivers/STM32F4xx_HAL_Driver/Src/stm32f4xx_ll_fsmc.o

.debug_abbrev   0x00000000     0x2803
 .debug_abbrev  0x00000000      0x20a ./Core/Src/drv_es8388.o
 .debug_abbrev  0x0000020a      0x43e ./Core/Src/drv_lcd.o
 .debug_abbrev  0x00000648      0x31a ./Core/Src/main.o
 .debug_abbrev  0x00000962      0x250 ./Core/Src/stm32f4xx_hal_msp.o
 .debug_abbrev  0x00000bb2      0x169 ./Core/Src/stm32f4xx_it.o
 .debug_abbrev  0x00000d1b       0xbc ./Core/Src/sysmem.o
 .debug_abbrev  0x00000dd7      0x11a ./Core/Src/system_stm32f4xx.o
 .debug_abbrev  0x00000ef1       0x24 ./Core/Startup/startup_stm32f407zgtx.o
 .debug_abbrev  0x00000f15      0x214 ./Drivers/STM32F4xx_HAL_Driver/Src/stm32f4xx_hal.o
 .debug_abbrev  0x00001129      0x31d ./Drivers/STM32F4xx_HAL_Driver/Src/stm32f4xx_hal_cortex.o
 .debug_abbrev  0x00001446      0x264 ./Drivers/STM32F4xx_HAL_Driver/Src/stm32f4xx_hal_dma.o
 .debug_abbrev  0x000016aa      0x1d4 ./Drivers/STM32F4xx_HAL_Driver/Src/stm32f4xx_hal_gpio.o
 .debug_abbrev  0x0000187e      0x2ad ./Drivers/STM32F4xx_HAL_Driver/Src/stm32f4xx_hal_i2c.o
 .debug_abbrev  0x00001b2b      0x25d ./Drivers/STM32F4xx_HAL_Driver/Src/stm32f4xx_hal_i2s.o
 .debug_abbrev  0x00001d88      0x276 ./Drivers/STM32F4xx_HAL_Driver/Src/stm32f4xx_hal_i2s_ex.o
 .debug_abbrev  0x00001ffe      0x2b7 ./Drivers/STM32F4xx_HAL_Driver/Src/stm32f4xx_hal_rcc.o
 .debug_abbrev  0x000022b5      0x1b0 ./Drivers/STM32F4xx_HAL_Driver/Src/stm32f4xx_hal_rcc_ex.o
 .debug_abbrev  0x00002465      0x1f3 ./Drivers/STM32F4xx_HAL_Driver/Src/stm32f4xx_hal_sram.o
 .debug_abbrev  0x00002658      0x1ab ./Drivers/STM32F4xx_HAL_Driver/Src/stm32f4xx_ll_fsmc.o

.debug_aranges  0x00000000      0xce8
 .debug_aranges
                0x00000000       0x68 ./Core/Src/drv_es8388.o
 .debug_aranges
                0x00000068      0x150 ./Core/Src/drv_lcd.o
 .debug_aranges
                0x000001b8       0x88 ./Core/Src/main.o
 .debug_aranges
                0x00000240       0x60 ./Core/Src/stm32f4xx_hal_msp.o
 .debug_aranges
                0x000002a0       0x68 ./Core/Src/stm32f4xx_it.o
 .debug_aranges
                0x00000308       0x20 ./Core/Src/sysmem.o
 .debug_aranges
                0x00000328       0x28 ./Core/Src/system_stm32f4xx.o
 .debug_aranges
                0x00000350       0x28 ./Core/Startup/startup_stm32f407zgtx.o
 .debug_aranges
                0x00000378       0xf0 ./Drivers/STM32F4xx_HAL_Driver/Src/stm32f4xx_hal.o
 .debug_aranges
                0x00000468      0x130 ./Drivers/STM32F4xx_HAL_Driver/Src/stm32f4xx_hal_cortex.o
 .debug_aranges
                0x00000598       0x90 ./Drivers/STM32F4xx_HAL_Driver/Src/stm32f4xx_hal_dma.o
 .debug_aranges
                0x00000628       0x58 ./Drivers/STM32F4xx_HAL_Driver/Src/stm32f4xx_hal_gpio.o
 .debug_aranges
                0x00000680      0x2a8 ./Drivers/STM32F4xx_HAL_Driver/Src/stm32f4xx_hal_i2c.o
 .debug_aranges
                0x00000928      0x108 ./Drivers/STM32F4xx_HAL_Driver/Src/stm32f4xx_hal_i2s.o
 .debug_aranges
                0x00000a30       0x88 ./Drivers/STM32F4xx_HAL_Driver/Src/stm32f4xx_hal_i2s_ex.o
 .debug_aranges
                0x00000ab8       0x88 ./Drivers/STM32F4xx_HAL_Driver/Src/stm32f4xx_hal_rcc.o
 .debug_aranges
                0x00000b40       0x48 ./Drivers/STM32F4xx_HAL_Driver/Src/stm32f4xx_hal_rcc_ex.o
 .debug_aranges
                0x00000b88       0xb8 ./Drivers/STM32F4xx_HAL_Driver/Src/stm32f4xx_hal_sram.o
 .debug_aranges
                0x00000c40       0xa8 ./Drivers/STM32F4xx_HAL_Driver/Src/stm32f4xx_ll_fsmc.o

.debug_rnglists
                0x00000000      0x9e0
 .debug_rnglists
                0x00000000       0x4d ./Core/Src/drv_es8388.o
 .debug_rnglists
                0x0000004d      0x103 ./Core/Src/drv_lcd.o
 .debug_rnglists
                0x00000150       0x67 ./Core/Src/main.o
 .debug_rnglists
                0x000001b7       0x46 ./Core/Src/stm32f4xx_hal_msp.o
 .debug_rnglists
                0x000001fd       0x49 ./Core/Src/stm32f4xx_it.o
 .debug_rnglists
                0x00000246       0x13 ./Core/Src/sysmem.o
 .debug_rnglists
                0x00000259       0x1a ./Core/Src/system_stm32f4xx.o
 .debug_rnglists
                0x00000273       0x19 ./Core/Startup/startup_stm32f407zgtx.o
 .debug_rnglists
                0x0000028c       0xaf ./Drivers/STM32F4xx_HAL_Driver/Src/stm32f4xx_hal.o
 .debug_rnglists
                0x0000033b       0xe0 ./Drivers/STM32F4xx_HAL_Driver/Src/stm32f4xx_hal_cortex.o
 .debug_rnglists
                0x0000041b       0x70 ./Drivers/STM32F4xx_HAL_Driver/Src/stm32f4xx_hal_dma.o
 .debug_rnglists
                0x0000048b       0x3f ./Drivers/STM32F4xx_HAL_Driver/Src/stm32f4xx_hal_gpio.o
 .debug_rnglists
                0x000004ca      0x23c ./Drivers/STM32F4xx_HAL_Driver/Src/stm32f4xx_hal_i2c.o
 .debug_rnglists
                0x00000706       0xcc ./Drivers/STM32F4xx_HAL_Driver/Src/stm32f4xx_hal_i2s.o
 .debug_rnglists
                0x000007d2       0x6a ./Drivers/STM32F4xx_HAL_Driver/Src/stm32f4xx_hal_i2s_ex.o
 .debug_rnglists
                0x0000083c       0x66 ./Drivers/STM32F4xx_HAL_Driver/Src/stm32f4xx_hal_rcc.o
 .debug_rnglists
                0x000008a2       0x35 ./Drivers/STM32F4xx_HAL_Driver/Src/stm32f4xx_hal_rcc_ex.o
 .debug_rnglists
                0x000008d7       0x8d ./Drivers/STM32F4xx_HAL_Driver/Src/stm32f4xx_hal_sram.o
 .debug_rnglists
                0x00000964       0x7c ./Drivers/STM32F4xx_HAL_Driver/Src/stm32f4xx_ll_fsmc.o

.debug_macro    0x00000000    0x22366
 .debug_macro   0x00000000      0x219 ./Core/Src/drv_es8388.o
 .debug_macro   0x00000219      0xad8 ./Core/Src/drv_es8388.o
 .debug_macro   0x00000cf1      0x2a1 ./Core/Src/drv_es8388.o
 .debug_macro   0x00000f92       0x2e ./Core/Src/drv_es8388.o
 .debug_macro   0x00000fc0       0x2f ./Core/Src/drv_es8388.o
 .debug_macro   0x00000fef       0x22 ./Core/Src/drv_es8388.o
 .debug_macro   0x00001011       0x8e ./Core/Src/drv_es8388.o
 .debug_macro   0x0000109f       0x51 ./Core/Src/drv_es8388.o
 .debug_macro   0x000010f0      0x103 ./Core/Src/drv_es8388.o
 .debug_macro   0x000011f3       0x6a ./Core/Src/drv_es8388.o
 .debug_macro   0x0000125d      0x1df ./Core/Src/drv_es8388.o
 .debug_macro   0x0000143c       0x1c ./Core/Src/drv_es8388.o
 .debug_macro   0x00001458       0x22 ./Core/Src/drv_es8388.o
 .debug_macro   0x0000147a       0xfb ./Core/Src/drv_es8388.o
 .debug_macro   0x00001575     0x1011 ./Core/Src/drv_es8388.o
 .debug_macro   0x00002586      0x11f ./Core/Src/drv_es8388.o
 .debug_macro   0x000026a5    0x15ea5 ./Core/Src/drv_es8388.o
 .debug_macro   0x0001854a       0x6d ./Core/Src/drv_es8388.o
 .debug_macro   0x000185b7     0x3693 ./Core/Src/drv_es8388.o
 .debug_macro   0x0001bc4a      0x190 ./Core/Src/drv_es8388.o
 .debug_macro   0x0001bdda       0x5c ./Core/Src/drv_es8388.o
 .debug_macro   0x0001be36      0x980 ./Core/Src/drv_es8388.o
 .debug_macro   0x0001c7b6      0x9e9 ./Core/Src/drv_es8388.o
 .debug_macro   0x0001d19f      0x115 ./Core/Src/drv_es8388.o
 .debug_macro   0x0001d2b4      0x13e ./Core/Src/drv_es8388.o
 .debug_macro   0x0001d3f2       0xa5 ./Core/Src/drv_es8388.o
 .debug_macro   0x0001d497      0x174 ./Core/Src/drv_es8388.o
 .debug_macro   0x0001d60b      0x287 ./Core/Src/drv_es8388.o
 .debug_macro   0x0001d892       0x5f ./Core/Src/drv_es8388.o
 .debug_macro   0x0001d8f1      0x236 ./Core/Src/drv_es8388.o
 .debug_macro   0x0001db27      0x12c ./Core/Src/drv_es8388.o
 .debug_macro   0x0001dc53      0x21e ./Core/Src/drv_es8388.o
 .debug_macro   0x0001de71       0x2e ./Core/Src/drv_es8388.o
 .debug_macro   0x0001de9f      0x516 ./Core/Src/drv_es8388.o
 .debug_macro   0x0001e3b5      0x1b5 ./Core/Src/drv_es8388.o
 .debug_macro   0x0001e56a       0xd6 ./Core/Src/drv_es8388.o
 .debug_macro   0x0001e640      0x1a7 ./Core/Src/drv_es8388.o
 .debug_macro   0x0001e7e7       0x46 ./Core/Src/drv_es8388.o
 .debug_macro   0x0001e82d       0x4a ./Core/Src/drv_es8388.o
 .debug_macro   0x0001e877      0x127 ./Core/Src/drv_es8388.o
 .debug_macro   0x0001e99e       0x7e ./Core/Src/drv_es8388.o
 .debug_macro   0x0001ea1c       0x89 ./Core/Src/drv_es8388.o
 .debug_macro   0x0001eaa5      0x12d ./Core/Src/drv_es8388.o
 .debug_macro   0x0001ebd2      0x142 ./Core/Src/drv_es8388.o
 .debug_macro   0x0001ed14      0x3aa ./Core/Src/drv_lcd.o
 .debug_macro   0x0001f0be       0xac ./Core/Src/drv_lcd.o
 .debug_macro   0x0001f16a       0x1c ./Core/Src/drv_lcd.o
 .debug_macro   0x0001f186       0x61 ./Core/Src/drv_lcd.o
 .debug_macro   0x0001f1e7       0x2a ./Core/Src/drv_lcd.o
 .debug_macro   0x0001f211       0x43 ./Core/Src/drv_lcd.o
 .debug_macro   0x0001f254       0x34 ./Core/Src/drv_lcd.o
 .debug_macro   0x0001f288      0x370 ./Core/Src/drv_lcd.o
 .debug_macro   0x0001f5f8       0x16 ./Core/Src/drv_lcd.o
 .debug_macro   0x0001f60e       0x4a ./Core/Src/drv_lcd.o
 .debug_macro   0x0001f658       0x34 ./Core/Src/drv_lcd.o
 .debug_macro   0x0001f68c       0x10 ./Core/Src/drv_lcd.o
 .debug_macro   0x0001f69c       0x58 ./Core/Src/drv_lcd.o
 .debug_macro   0x0001f6f4       0x8e ./Core/Src/drv_lcd.o
 .debug_macro   0x0001f782       0x1c ./Core/Src/drv_lcd.o
 .debug_macro   0x0001f79e      0x185 ./Core/Src/drv_lcd.o
 .debug_macro   0x0001f923       0x10 ./Core/Src/drv_lcd.o
 .debug_macro   0x0001f933       0x3c ./Core/Src/drv_lcd.o
 .debug_macro   0x0001f96f       0x20 ./Core/Src/drv_lcd.o
 .debug_macro   0x0001f98f       0x16 ./Core/Src/drv_lcd.o
 .debug_macro   0x0001f9a5       0x16 ./Core/Src/drv_lcd.o
 .debug_macro   0x0001f9bb       0x29 ./Core/Src/drv_lcd.o
 .debug_macro   0x0001f9e4       0x1c ./Core/Src/drv_lcd.o
 .debug_macro   0x0001fa00       0x10 ./Core/Src/drv_lcd.o
 .debug_macro   0x0001fa10       0x1c ./Core/Src/drv_lcd.o
 .debug_macro   0x0001fa2c       0x16 ./Core/Src/drv_lcd.o
 .debug_macro   0x0001fa42      0x146 ./Core/Src/drv_lcd.o
 .debug_macro   0x0001fb88       0x4c ./Core/Src/drv_lcd.o
 .debug_macro   0x0001fbd4      0x428 ./Core/Src/main.o
 .debug_macro   0x0001fffc      0x148 ./Core/Src/main.o
 .debug_macro   0x00020144      0x19b ./Core/Src/main.o
 .debug_macro   0x000202df       0x16 ./Core/Src/main.o
 .debug_macro   0x000202f5      0x208 ./Core/Src/stm32f4xx_hal_msp.o
 .debug_macro   0x000204fd      0x212 ./Core/Src/stm32f4xx_it.o
 .debug_macro   0x0002070f      0x112 ./Core/Src/sysmem.o
 .debug_macro   0x00020821      0x23c ./Core/Src/sysmem.o
 .debug_macro   0x00020a5d      0x1fe ./Core/Src/system_stm32f4xx.o
 .debug_macro   0x00020c5b      0x25e ./Drivers/STM32F4xx_HAL_Driver/Src/stm32f4xx_hal.o
 .debug_macro   0x00020eb9      0x1fe ./Drivers/STM32F4xx_HAL_Driver/Src/stm32f4xx_hal_cortex.o
 .debug_macro   0x000210b7      0x204 ./Drivers/STM32F4xx_HAL_Driver/Src/stm32f4xx_hal_dma.o
 .debug_macro   0x000212bb      0x204 ./Drivers/STM32F4xx_HAL_Driver/Src/stm32f4xx_hal_gpio.o
 .debug_macro   0x000214bf      0x24c ./Drivers/STM32F4xx_HAL_Driver/Src/stm32f4xx_hal_i2c.o
 .debug_macro   0x0002170b      0x206 ./Drivers/STM32F4xx_HAL_Driver/Src/stm32f4xx_hal_i2s.o
 .debug_macro   0x00021911      0x1fe ./Drivers/STM32F4xx_HAL_Driver/Src/stm32f4xx_hal_i2s_ex.o
 .debug_macro   0x00021b0f      0x222 ./Drivers/STM32F4xx_HAL_Driver/Src/stm32f4xx_hal_rcc.o
 .debug_macro   0x00021d31      0x1fe ./Drivers/STM32F4xx_HAL_Driver/Src/stm32f4xx_hal_rcc_ex.o
 .debug_macro   0x00021f2f      0x1fe ./Drivers/STM32F4xx_HAL_Driver/Src/stm32f4xx_hal_sram.o
 .debug_macro   0x0002212d      0x239 ./Drivers/STM32F4xx_HAL_Driver/Src/stm32f4xx_ll_fsmc.o

.debug_line     0x00000000    0x114f6
 .debug_line    0x00000000      0x9ba ./Core/Src/drv_es8388.o
 .debug_line    0x000009ba     0x16a0 ./Core/Src/drv_lcd.o
 .debug_line    0x0000205a      0xe76 ./Core/Src/main.o
 .debug_line    0x00002ed0      0x95c ./Core/Src/stm32f4xx_hal_msp.o
 .debug_line    0x0000382c      0x859 ./Core/Src/stm32f4xx_it.o
 .debug_line    0x00004085      0x58d ./Core/Src/sysmem.o
 .debug_line    0x00004612      0x808 ./Core/Src/system_stm32f4xx.o
 .debug_line    0x00004e1a       0x7a ./Core/Startup/startup_stm32f407zgtx.o
 .debug_line    0x00004e94      0xa84 ./Drivers/STM32F4xx_HAL_Driver/Src/stm32f4xx_hal.o
 .debug_line    0x00005918      0xd54 ./Drivers/STM32F4xx_HAL_Driver/Src/stm32f4xx_hal_cortex.o
 .debug_line    0x0000666c      0xff0 ./Drivers/STM32F4xx_HAL_Driver/Src/stm32f4xx_hal_dma.o
 .debug_line    0x0000765c      0xbdc ./Drivers/STM32F4xx_HAL_Driver/Src/stm32f4xx_hal_gpio.o
 .debug_line    0x00008238     0x3b31 ./Drivers/STM32F4xx_HAL_Driver/Src/stm32f4xx_hal_i2c.o
 .debug_line    0x0000bd69     0x13dc ./Drivers/STM32F4xx_HAL_Driver/Src/stm32f4xx_hal_i2s.o
 .debug_line    0x0000d145     0x12dc ./Drivers/STM32F4xx_HAL_Driver/Src/stm32f4xx_hal_i2s_ex.o
 .debug_line    0x0000e421      0xe91 ./Drivers/STM32F4xx_HAL_Driver/Src/stm32f4xx_hal_rcc.o
 .debug_line    0x0000f2b2      0xaf3 ./Drivers/STM32F4xx_HAL_Driver/Src/stm32f4xx_hal_rcc_ex.o
 .debug_line    0x0000fda5      0xc71 ./Drivers/STM32F4xx_HAL_Driver/Src/stm32f4xx_hal_sram.o
 .debug_line    0x00010a16      0xae0 ./Drivers/STM32F4xx_HAL_Driver/Src/stm32f4xx_ll_fsmc.o

.debug_str      0x00000000    0xca156
 .debug_str     0x00000000    0xca156 ./Core/Src/drv_es8388.o
                              0xc19cb (size before relaxing)
 .debug_str     0x000ca156        0x0 ./Core/Src/drv_lcd.o
                              0xc548a (size before relaxing)
 .debug_str     0x000ca156        0x0 ./Core/Src/main.o
                              0xc6d8c (size before relaxing)
 .debug_str     0x000ca156        0x0 ./Core/Src/stm32f4xx_hal_msp.o
                              0xc19c2 (size before relaxing)
 .debug_str     0x000ca156        0x0 ./Core/Src/stm32f4xx_it.o
                              0xc1120 (size before relaxing)
 .debug_str     0x000ca156        0x0 ./Core/Src/sysmem.o
                               0x7777 (size before relaxing)
 .debug_str     0x000ca156        0x0 ./Core/Src/system_stm32f4xx.o
                              0xc0fb2 (size before relaxing)
 .debug_str     0x000ca156        0x0 ./Core/Startup/startup_stm32f407zgtx.o
                                 0x79 (size before relaxing)
 .debug_str     0x000ca156        0x0 ./Drivers/STM32F4xx_HAL_Driver/Src/stm32f4xx_hal.o
                              0xc1b36 (size before relaxing)
 .debug_str     0x000ca156        0x0 ./Drivers/STM32F4xx_HAL_Driver/Src/stm32f4xx_hal_cortex.o
                              0xc18b2 (size before relaxing)
 .debug_str     0x000ca156        0x0 ./Drivers/STM32F4xx_HAL_Driver/Src/stm32f4xx_hal_dma.o
                              0xc13cc (size before relaxing)
 .debug_str     0x000ca156        0x0 ./Drivers/STM32F4xx_HAL_Driver/Src/stm32f4xx_hal_gpio.o
                              0xc112d (size before relaxing)
 .debug_str     0x000ca156        0x0 ./Drivers/STM32F4xx_HAL_Driver/Src/stm32f4xx_hal_i2c.o
                              0xc1fd0 (size before relaxing)
 .debug_str     0x000ca156        0x0 ./Drivers/STM32F4xx_HAL_Driver/Src/stm32f4xx_hal_i2s.o
                              0xc15a3 (size before relaxing)
 .debug_str     0x000ca156        0x0 ./Drivers/STM32F4xx_HAL_Driver/Src/stm32f4xx_hal_i2s_ex.o
                              0xc14a5 (size before relaxing)
 .debug_str     0x000ca156        0x0 ./Drivers/STM32F4xx_HAL_Driver/Src/stm32f4xx_hal_rcc.o
                              0xc13e6 (size before relaxing)
 .debug_str     0x000ca156        0x0 ./Drivers/STM32F4xx_HAL_Driver/Src/stm32f4xx_hal_rcc_ex.o
                              0xc1104 (size before relaxing)
 .debug_str     0x000ca156        0x0 ./Drivers/STM32F4xx_HAL_Driver/Src/stm32f4xx_hal_sram.o
                              0xc15b0 (size before relaxing)
 .debug_str     0x000ca156        0x0 ./Drivers/STM32F4xx_HAL_Driver/Src/stm32f4xx_ll_fsmc.o
                              0xc181d (size before relaxing)

.comment        0x00000000       0x43
 .comment       0x00000000       0x43 ./Core/Src/drv_es8388.o
                                 0x44 (size before relaxing)
 .comment       0x00000043        0x0 ./Core/Src/drv_lcd.o
                                 0x44 (size before relaxing)
 .comment       0x00000043        0x0 ./Core/Src/main.o
                                 0x44 (size before relaxing)
 .comment       0x00000043        0x0 ./Core/Src/stm32f4xx_hal_msp.o
                                 0x44 (size before relaxing)
 .comment       0x00000043        0x0 ./Core/Src/stm32f4xx_it.o
                                 0x44 (size before relaxing)
 .comment       0x00000043        0x0 ./Core/Src/sysmem.o
                                 0x44 (size before relaxing)
 .comment       0x00000043        0x0 ./Core/Src/system_stm32f4xx.o
                                 0x44 (size before relaxing)
 .comment       0x00000043        0x0 ./Drivers/STM32F4xx_HAL_Driver/Src/stm32f4xx_hal.o
                                 0x44 (size before relaxing)
 .comment       0x00000043        0x0 ./Drivers/STM32F4xx_HAL_Driver/Src/stm32f4xx_hal_cortex.o
                                 0x44 (size before relaxing)
 .comment       0x00000043        0x0 ./Drivers/STM32F4xx_HAL_Driver/Src/stm32f4xx_hal_dma.o
                                 0x44 (size before relaxing)
 .comment       0x00000043        0x0 ./Drivers/STM32F4xx_HAL_Driver/Src/stm32f4xx_hal_gpio.o
                                 0x44 (size before relaxing)
 .comment       0x00000043        0x0 ./Drivers/STM32F4xx_HAL_Driver/Src/stm32f4xx_hal_i2c.o
                                 0x44 (size before relaxing)
 .comment       0x00000043        0x0 ./Drivers/STM32F4xx_HAL_Driver/Src/stm32f4xx_hal_i2s.o
                                 0x44 (size before relaxing)
 .comment       0x00000043        0x0 ./Drivers/STM32F4xx_HAL_Driver/Src/stm32f4xx_hal_i2s_ex.o
                                 0x44 (size before relaxing)
 .comment       0x00000043        0x0 ./Drivers/STM32F4xx_HAL_Driver/Src/stm32f4xx_hal_rcc.o
                                 0x44 (size before relaxing)
 .comment       0x00000043        0x0 ./Drivers/STM32F4xx_HAL_Driver/Src/stm32f4xx_hal_rcc_ex.o
                                 0x44 (size before relaxing)
 .comment       0x00000043        0x0 ./Drivers/STM32F4xx_HAL_Driver/Src/stm32f4xx_hal_sram.o
                                 0x44 (size before relaxing)
 .comment       0x00000043        0x0 ./Drivers/STM32F4xx_HAL_Driver/Src/stm32f4xx_ll_fsmc.o
                                 0x44 (size before relaxing)

.debug_frame    0x00000000     0x3abc
 .debug_frame   0x00000000      0x174 ./Core/Src/drv_es8388.o
 .debug_frame   0x00000174      0x5b4 ./Core/Src/drv_lcd.o
 .debug_frame   0x00000728      0x1f4 ./Core/Src/main.o
 .debug_frame   0x0000091c      0x150 ./Core/Src/stm32f4xx_hal_msp.o
 .debug_frame   0x00000a6c      0x120 ./Core/Src/stm32f4xx_it.o
 .debug_frame   0x00000b8c       0x34 ./Core/Src/sysmem.o
 .debug_frame   0x00000bc0       0x58 ./Core/Src/system_stm32f4xx.o
 .debug_frame   0x00000c18      0x374 ./Drivers/STM32F4xx_HAL_Driver/Src/stm32f4xx_hal.o
 .debug_frame   0x00000f8c      0x508 ./Drivers/STM32F4xx_HAL_Driver/Src/stm32f4xx_hal_cortex.o
 .debug_frame   0x00001494      0x250 ./Drivers/STM32F4xx_HAL_Driver/Src/stm32f4xx_hal_dma.o
 .debug_frame   0x000016e4      0x14c ./Drivers/STM32F4xx_HAL_Driver/Src/stm32f4xx_hal_gpio.o
 .debug_frame   0x00001830      0xc84 ./Drivers/STM32F4xx_HAL_Driver/Src/stm32f4xx_hal_i2c.o
 .debug_frame   0x000024b4      0x484 ./Drivers/STM32F4xx_HAL_Driver/Src/stm32f4xx_hal_i2s.o
 .debug_frame   0x00002938      0x220 ./Drivers/STM32F4xx_HAL_Driver/Src/stm32f4xx_hal_i2s_ex.o
 .debug_frame   0x00002b58      0x1f4 ./Drivers/STM32F4xx_HAL_Driver/Src/stm32f4xx_hal_rcc.o
 .debug_frame   0x00002d4c       0xf0 ./Drivers/STM32F4xx_HAL_Driver/Src/stm32f4xx_hal_rcc_ex.o
 .debug_frame   0x00002e3c      0x30c ./Drivers/STM32F4xx_HAL_Driver/Src/stm32f4xx_hal_sram.o
 .debug_frame   0x00003148      0x2dc ./Drivers/STM32F4xx_HAL_Driver/Src/stm32f4xx_ll_fsmc.o
 .debug_frame   0x00003424       0x30 C:/ST/STM32CubeIDE_2.0.0/STM32CubeIDE/plugins/com.st.stm32cube.ide.mcu.externaltools.gnu-tools-for-stm32.13.3.rel1.win32_1.0.100.202509120712/tools/bin/../lib/gcc/arm-none-eabi/13.3.1/../../../../arm-none-eabi/lib/thumb/v7e-m+fp/hard\libc_nano.a(libc_a-malloc.o)
 .debug_frame   0x00003454       0x50 C:/ST/STM32CubeIDE_2.0.0/STM32CubeIDE/plugins/com.st.stm32cube.ide.mcu.externaltools.gnu-tools-for-stm32.13.3.rel1.win32_1.0.100.202509120712/tools/bin/../lib/gcc/arm-none-eabi/13.3.1/../../../../arm-none-eabi/lib/thumb/v7e-m+fp/hard\libc_nano.a(libc_a-mallocr.o)
 .debug_frame   0x000034a4       0x30 C:/ST/STM32CubeIDE_2.0.0/STM32CubeIDE/plugins/com.st.stm32cube.ide.mcu.externaltools.gnu-tools-for-stm32.13.3.rel1.win32_1.0.100.202509120712/tools/bin/../lib/gcc/arm-none-eabi/13.3.1/../../../../arm-none-eabi/lib/thumb/v7e-m+fp/hard\libc_nano.a(libc_a-mlock.o)
 .debug_frame   0x000034d4      0x144 C:/ST/STM32CubeIDE_2.0.0/STM32CubeIDE/plugins/com.st.stm32cube.ide.mcu.externaltools.gnu-tools-for-stm32.13.3.rel1.win32_1.0.100.202509120712/tools/bin/../lib/gcc/arm-none-eabi/13.3.1/../../../../arm-none-eabi/lib/thumb/v7e-m+fp/hard\libc_nano.a(libc_a-findfp.o)
 .debug_frame   0x00003618       0x7c C:/ST/STM32CubeIDE_2.0.0/STM32CubeIDE/plugins/com.st.stm32cube.ide.mcu.externaltools.gnu-tools-for-stm32.13.3.rel1.win32_1.0.100.202509120712/tools/bin/../lib/gcc/arm-none-eabi/13.3.1/../../../../arm-none-eabi/lib/thumb/v7e-m+fp/hard\libc_nano.a(libc_a-snprintf.o)
 .debug_frame   0x00003694       0x4c C:/ST/STM32CubeIDE_2.0.0/STM32CubeIDE/plugins/com.st.stm32cube.ide.mcu.externaltools.gnu-tools-for-stm32.13.3.rel1.win32_1.0.100.202509120712/tools/bin/../lib/gcc/arm-none-eabi/13.3.1/../../../../arm-none-eabi/lib/thumb/v7e-m+fp/hard\libc_nano.a(libc_a-vsnprintf.o)
 .debug_frame   0x000036e0       0x20 C:/ST/STM32CubeIDE_2.0.0/STM32CubeIDE/plugins/com.st.stm32cube.ide.mcu.externaltools.gnu-tools-for-stm32.13.3.rel1.win32_1.0.100.202509120712/tools/bin/../lib/gcc/arm-none-eabi/13.3.1/../../../../arm-none-eabi/lib/thumb/v7e-m+fp/hard\libc_nano.a(libc_a-memset.o)
 .debug_frame   0x00003700       0x28 C:/ST/STM32CubeIDE_2.0.0/STM32CubeIDE/plugins/com.st.stm32cube.ide.mcu.externaltools.gnu-tools-for-stm32.13.3.rel1.win32_1.0.100.202509120712/tools/bin/../lib/gcc/arm-none-eabi/13.3.1/../../../../arm-none-eabi/lib/thumb/v7e-m+fp/hard\libc_nano.a(libc_a-strncpy.o)
 .debug_frame   0x00003728       0x38 C:/ST/STM32CubeIDE_2.0.0/STM32CubeIDE/plugins/com.st.stm32cube.ide.mcu.externaltools.gnu-tools-for-stm32.13.3.rel1.win32_1.0.100.202509120712/tools/bin/../lib/gcc/arm-none-eabi/13.3.1/../../../../arm-none-eabi/lib/thumb/v7e-m+fp/hard\libc_nano.a(libc_a-reent.o)