../Core/Src/main.c:228:6:Switch_Song	16	static,ignoring_inline_asm
../Core/Src/main.c:238:6:Fill_Audio_Buffer	48	static
../Core/Src/main.c:281:6:HAL_I2S_TxHalfCpltCallback	16	static
../Core/Src/main.c:284:6:HAL_I2S_TxCpltCallback	16	static
../Core/Src/main.c:289:6:Update_LCD_Display	152	static
../Core/Src/main.c:363:6:Update_Volume_Only	40	static
../Core/Src/main.c:374:5:main	16	static
../Core/Src/main.c:512:6:SystemClock_Config	88	static
../Core/Src/main.c:535:13:MX_I2C2_Init	8	static
../Core/Src/main.c:549:13:MX_I2S3_Init	8	static
../Core/Src/main.c:563:13:MX_DMA_Init	16	static
../Core/Src/main.c:570:13:MX_GPIO_Init	56	static
../Core/Src/main.c:603:13:MX_FSMC_Init	40	static
../Core/Src/main.c:638:6:Error_Handler	4	static,ignoring_inline_asm
